Archive member included because of file (symbol)

contiki-cmote.a(contiki-z1-plat)
                              obj_cmote/contiki-z1-main.o (init_platform)
contiki-cmote.a(msp430.o)     obj_cmote/contiki-z1-main.o (msp430_cpu_init)
contiki-cmote.a(leds.o)       obj_cmote/contiki-z1-main.o (leds_init)
contiki-cmote.a(leds-arch.o)  contiki-cmote.a(leds.o) (leds_arch_init)
contiki-cmote.a(watchdog.o)   obj_cmote/contiki-z1-main.o (watchdog_stop)
contiki-cmote.a(cc2520.o)     obj_cmote/contiki-z1-main.o (cc2520_init)
contiki-cmote.a(cc2520-arch.o)
                              contiki-cmote.a(cc2520.o) (cc2520_arch_init)
contiki-cmote.a(button-sensor.o)
                              obj_cmote/contiki-z1-main.o (button_sensor)
contiki-cmote.a(uart1.o)      obj_cmote/contiki-z1-main.o (uart1_init)
contiki-cmote.a(uart1-putchar.o)
                              obj_cmote/contiki-z1-main.o (putchar)
contiki-cmote.a(clock.o)      obj_cmote/contiki-z1-main.o (clock_init)
contiki-cmote.a(rtimer-arch.o)
                              obj_cmote/contiki-z1-main.o (rtimer_arch_now)
contiki-cmote.a(autostart.o)  obj_cmote/contiki-z1-main.o (autostart_start)
contiki-cmote.a(ctimer.o)     obj_cmote/contiki-z1-main.o (ctimer_init)
contiki-cmote.a(energest.o)   obj_cmote/contiki-z1-main.o (energest_init)
contiki-cmote.a(etimer.o)     contiki-cmote.a(clock.o) (etimer_request_poll)
contiki-cmote.a(process.o)    contiki-cmote.a(ctimer.o) (process_current)
contiki-cmote.a(rtimer.o)     obj_cmote/contiki-z1-main.o (rtimer_init)
contiki-cmote.a(timer.o)      contiki-cmote.a(button-sensor.o) (timer_set)
contiki-cmote.a(list.o)       contiki-cmote.a(ctimer.o) (list_init)
contiki-cmote.a(ringbuf.o)    contiki-cmote.a(uart1.o) (ringbuf_get)
contiki-cmote.a(packetbuf.o)  contiki-cmote.a(cc2520.o) (packetbuf_set_datalen)
contiki-cmote.a(contikimac.o)
                              contiki-cmote.a(cc2520.o) (contikimac_driver)
contiki-cmote.a(spi.o)        contiki-cmote.a(cc2520-arch.o) (spi_init)
contiki-cmote.a(sensors.o)    contiki-cmote.a(button-sensor.o) (sensors_changed)
contiki-cmote.a(linkaddr.o)   contiki-cmote.a(packetbuf.o) (linkaddr_copy)
contiki-cmote.a(queuebuf.o)   contiki-cmote.a(contikimac.o) (queuebuf_update_from_packetbuf)
contiki-cmote.a(csma.o)       contiki-cmote.a(contikimac.o) (csma_driver)
contiki-cmote.a(framer-802154.o)
                              contiki-cmote.a(contikimac.o) (framer_802154)
contiki-cmote.a(framer.o)     contiki-cmote.a(framer-802154.o) (framer_canonical_create_and_secure)
contiki-cmote.a(mac.o)        contiki-cmote.a(contikimac.o) (mac_call_sent_callback)
contiki-cmote.a(mac-sequence.o)
                              contiki-cmote.a(contikimac.o) (mac_sequence_is_duplicate)
contiki-cmote.a(nullsec.o)    contiki-cmote.a(csma.o) (nullsec_driver)
contiki-cmote.a(memb.o)       contiki-cmote.a(queuebuf.o) (memb_init)
contiki-cmote.a(random.o)     contiki-cmote.a(csma.o) (random_rand)
contiki-cmote.a(sicslowpan.o)
                              contiki-cmote.a(nullsec.o) (sicslowpan_driver)
contiki-cmote.a(uip6.o)       contiki-cmote.a(sicslowpan.o) (uip_aligned_buf)
contiki-cmote.a(uip-ds6.o)    contiki-cmote.a(uip6.o) (uip_ds6_is_addr_onlink)
contiki-cmote.a(uip-ds6-nbr.o)
                              contiki-cmote.a(uip-ds6.o) (uip_ds6_neighbors_init)
contiki-cmote.a(uip-ds6-route.o)
                              contiki-cmote.a(uip-ds6.o) (uip_ds6_route_init)
contiki-cmote.a(uip-icmp6.o)  contiki-cmote.a(uip6.o) (uip_icmp6_input)
contiki-cmote.a(uip-nd6.o)    contiki-cmote.a(uip-ds6-nbr.o) (uip_nd6_ns_output)
contiki-cmote.a(tcpip.o)      contiki-cmote.a(sicslowpan.o) (tcpip_set_outputfunc)
contiki-cmote.a(uip-debug.o)  contiki-cmote.a(uip-ds6-route.o) (uip_debug_ipaddr_print)
contiki-cmote.a(rpl.o)        contiki-cmote.a(uip-ds6-nbr.o) (rpl_link_neighbor_callback)
contiki-cmote.a(rpl-dag.o)    contiki-cmote.a(rpl.o) (default_instance)
contiki-cmote.a(rpl-ext-header.)
                              contiki-cmote.a(uip6.o) (rpl_verify_header)
contiki-cmote.a(rpl-icmp6.o)  contiki-cmote.a(rpl.o) (dao_output_target)
contiki-cmote.a(rpl-mrhof.o)  contiki-cmote.a(rpl.o) (rpl_mrhof)
contiki-cmote.a(rpl-timers.o)
                              contiki-cmote.a(rpl.o) (rpl_reset_periodic_timer)
contiki-cmote.a(nbr-table.o)  contiki-cmote.a(uip-ds6-nbr.o) (nbr_table_register)
contiki-cmote.a(frame802154.o)
                              contiki-cmote.a(framer-802154.o) (frame802154_hdrlen)
contiki-cmote.a(stimer.o)     contiki-cmote.a(uip-ds6.o) (stimer_set)
/usr/lib/gcc/msp430/4.5.3/mcpu-430x/mmpy-16/libgcc.a(_mulsi3.o)
                              contiki-cmote.a(csma.o) (__mulsi3)
/usr/lib/gcc/msp430/4.5.3/mcpu-430x/mmpy-16/libgcc.a(_udivmodhi4.o)
                              contiki-cmote.a(rpl-dag.o) (__udivmodhi4)
/usr/lib/gcc/msp430/4.5.3/mcpu-430x/mmpy-16/libgcc.a(_divmodhi4.o)
                              contiki-cmote.a(sicslowpan.o) (__divmodhi4)
[...]
Memory Configuration

Name             Origin             Length             Attributes
sfr              0x00000000         0x00000010
peripheral_8bit  0x00000010         0x000000f0
peripheral_16bit 0x00000100         0x00000100
infomem          0x00001000         0x00000100
infod            0x00001000         0x00000040
infoc            0x00001040         0x00000040
infob            0x00001080         0x00000040
infoa            0x000010c0         0x00000040
ram              0x00001100         0x00002000         xw
rom              0x00003100         0x0000cebe         xr
vectors          0x0000ffc0         0x00000040
far_rom          0x00010000         0x00010000
bsl              0x00000000         0x00000000
*default*        0x00000000         0xffffffff

Linker script and memory map

LOAD /usr/lib/gcc/msp430/4.5.3/mcpu-430x/mmpy-16/crt0ivtbl32.o
                0x00000041                __P1SEL2 = 0x41
                0x00000045                __P5SEL2 = 0x45
LOAD tx.co
LOAD obj_cmote/contiki-z1-main.o
LOAD contiki-cmote.a
LOAD /usr/lib/gcc/msp430/4.5.3/mcpu-430x/mmpy-16/libgcc.a
LOAD /usr/lib/gcc/msp430/4.5.3/../../../../msp430/lib/mcpu-430x/mmpy-16/libc.a
LOAD /usr/lib/gcc/msp430/4.5.3/mcpu-430x/mmpy-16/libgcc.a
LOAD /usr/lib/gcc/msp430/4.5.3/mcpu-430x/mmpy-16/libcrt0.a
                0x00000000                __IE1 = 0x0
                0x00000002                __IFG1 = 0x2
                0x00000001                __IE2 = 0x1
                0x00000003                __IFG2 = 0x3
                0x00000006                __UC1IE = 0x6
                0x00000007                __UC1IFG = 0x7
                0x000001a0                __ADC12CTL0 = 0x1a0
                0x000001a2                __ADC12CTL1 = 0x1a2
                0x000001a4                __ADC12IFG = 0x1a4
                0x000001a6                __ADC12IE = 0x1a6
                0x000001a8                __ADC12IV = 0x1a8
                0x00000140                __ADC12MEM0 = 0x140
                0x00000142                __ADC12MEM1 = 0x142
                0x00000144                __ADC12MEM2 = 0x144
                0x00000146                __ADC12MEM3 = 0x146
                0x00000148                __ADC12MEM4 = 0x148
                0x0000014a                __ADC12MEM5 = 0x14a
                0x0000014c                __ADC12MEM6 = 0x14c
                0x0000014e                __ADC12MEM7 = 0x14e
                0x00000150                __ADC12MEM8 = 0x150
                0x00000152                __ADC12MEM9 = 0x152
                0x00000154                __ADC12MEM10 = 0x154
                0x00000156                __ADC12MEM11 = 0x156
                0x00000158                __ADC12MEM12 = 0x158
                0x0000015a                __ADC12MEM13 = 0x15a
                0x0000015c                __ADC12MEM14 = 0x15c
                0x0000015e                __ADC12MEM15 = 0x15e
                0x00000080                __ADC12MCTL0 = 0x80
                0x00000081                __ADC12MCTL1 = 0x81
                0x00000082                __ADC12MCTL2 = 0x82
                0x00000083                __ADC12MCTL3 = 0x83
                0x00000084                __ADC12MCTL4 = 0x84
                0x00000085                __ADC12MCTL5 = 0x85
                0x00000086                __ADC12MCTL6 = 0x86
                0x00000087                __ADC12MCTL7 = 0x87
                0x00000088                __ADC12MCTL8 = 0x88
                0x00000089                __ADC12MCTL9 = 0x89
                0x0000008a                __ADC12MCTL10 = 0x8a
                0x0000008b                __ADC12MCTL11 = 0x8b
                0x0000008c                __ADC12MCTL12 = 0x8c
                0x0000008d                __ADC12MCTL13 = 0x8d
                0x0000008e                __ADC12MCTL14 = 0x8e
                0x0000008f                __ADC12MCTL15 = 0x8f
                0x00000056                __DCOCTL = 0x56
                0x00000057                __BCSCTL1 = 0x57
                0x00000058                __BCSCTL2 = 0x58
                0x00000053                __BCSCTL3 = 0x53
                0x00000059                __CACTL1 = 0x59
                0x0000005a                __CACTL2 = 0x5a
                0x0000005b                __CAPD = 0x5b
                0x000001c0                __DAC12_0CTL = 0x1c0
                0x000001c2                __DAC12_1CTL = 0x1c2
                0x000001c8                __DAC12_0DAT = 0x1c8
                0x000001ca                __DAC12_1DAT = 0x1ca
                0x00000122                __DMACTL0 = 0x122
                0x00000124                __DMACTL1 = 0x124
                0x00000126                __DMAIV = 0x126
                0x000001d0                __DMA0CTL = 0x1d0
                0x000001dc                __DMA1CTL = 0x1dc
                0x000001e8                __DMA2CTL = 0x1e8
                0x000001d2                __DMA0SA = 0x1d2
                0x000001d2                __DMA0SAL = 0x1d2
                0x000001d6                __DMA0DA = 0x1d6
                0x000001d6                __DMA0DAL = 0x1d6
                0x000001da                __DMA0SZ = 0x1da
                0x000001de                __DMA1SA = 0x1de
                0x000001de                __DMA1SAL = 0x1de
                0x000001e2                __DMA1DA = 0x1e2
                0x000001e2                __DMA1DAL = 0x1e2
                0x000001e6                __DMA1SZ = 0x1e6
                0x000001ea                __DMA2SA = 0x1ea
                0x000001ea                __DMA2SAL = 0x1ea
                0x000001ee                __DMA2DA = 0x1ee
                0x000001ee                __DMA2DAL = 0x1ee
                0x000001f2                __DMA2SZ = 0x1f2
                0x00000128                __FCTL1 = 0x128
                0x0000012a                __FCTL2 = 0x12a
                0x0000012c                __FCTL3 = 0x12c
                0x000001be                __FCTL4 = 0x1be
                0x00000130                __MPY = 0x130
                0x00000132                __MPYS = 0x132
                0x00000134                __MAC = 0x134
                0x00000136                __MACS = 0x136
                0x00000138                __OP2 = 0x138
                0x0000013a                __RESLO = 0x13a
                0x0000013c                __RESHI = 0x13c
                0x0000013e                __SUMEXT = 0x13e
                0x00000020                __P1IN = 0x20
                0x00000021                __P1OUT = 0x21
                0x00000022                __P1DIR = 0x22
                0x00000023                __P1IFG = 0x23
                0x00000024                __P1IES = 0x24
                0x00000025                __P1IE = 0x25
                0x00000026                __P1SEL = 0x26
                0x00000027                __P1REN = 0x27
                0x00000028                __P2IN = 0x28
                0x00000029                __P2OUT = 0x29
                0x0000002a                __P2DIR = 0x2a
                0x0000002b                __P2IFG = 0x2b
                0x0000002c                __P2IES = 0x2c
                0x0000002d                __P2IE = 0x2d
                0x0000002e                __P2SEL = 0x2e
                0x0000002f                __P2REN = 0x2f
                0x00000018                __P3IN = 0x18
                0x00000019                __P3OUT = 0x19
                0x0000001a                __P3DIR = 0x1a
                0x0000001b                __P3SEL = 0x1b
                0x00000010                __P3REN = 0x10
                0x0000001c                __P4IN = 0x1c
                0x0000001d                __P4OUT = 0x1d
                0x0000001e                __P4DIR = 0x1e
                0x0000001f                __P4SEL = 0x1f
                0x00000011                __P4REN = 0x11
                0x00000030                __P5IN = 0x30
                0x00000031                __P5OUT = 0x31
                0x00000032                __P5DIR = 0x32
                0x00000033                __P5SEL = 0x33
                0x00000012                __P5REN = 0x12
                0x00000034                __P6IN = 0x34
                0x00000035                __P6OUT = 0x35
                0x00000036                __P6DIR = 0x36
                0x00000037                __P6SEL = 0x37
                0x00000013                __P6REN = 0x13
                0x00000038                __P7IN = 0x38
                0x0000003a                __P7OUT = 0x3a
                0x0000003c                __P7DIR = 0x3c
                0x0000003e                __P7SEL = 0x3e
                0x00000014                __P7REN = 0x14
                0x00000039                __P8IN = 0x39
                0x0000003b                __P8OUT = 0x3b
                0x0000003d                __P8DIR = 0x3d
                0x0000003f                __P8SEL = 0x3f
                0x00000015                __P8REN = 0x15
                0x00000038                __PAIN = 0x38
                0x0000003a                __PAOUT = 0x3a
                0x0000003c                __PADIR = 0x3c
                0x0000003e                __PASEL = 0x3e
                0x00000014                __PAREN = 0x14
                0x00000055                __SVSCTL = 0x55
                0x0000012e                __TAIV = 0x12e
                0x00000160                __TACTL = 0x160
                0x00000162                __TACCTL0 = 0x162
                0x00000164                __TACCTL1 = 0x164
                0x00000166                __TACCTL2 = 0x166
                0x00000170                __TAR = 0x170
                0x00000172                __TACCR0 = 0x172
                0x00000174                __TACCR1 = 0x174
                0x00000176                __TACCR2 = 0x176
                0x0000011e                __TBIV = 0x11e
                0x00000180                __TBCTL = 0x180
                0x00000182                __TBCCTL0 = 0x182
                0x00000184                __TBCCTL1 = 0x184
                0x00000186                __TBCCTL2 = 0x186
                0x00000188                __TBCCTL3 = 0x188
                0x0000018a                __TBCCTL4 = 0x18a
                0x0000018c                __TBCCTL5 = 0x18c
                0x0000018e                __TBCCTL6 = 0x18e
                0x00000190                __TBR = 0x190
                0x00000192                __TBCCR0 = 0x192
                0x00000194                __TBCCR1 = 0x194
                0x00000196                __TBCCR2 = 0x196
                0x00000198                __TBCCR3 = 0x198
                0x0000019a                __TBCCR4 = 0x19a
                0x0000019c                __TBCCR5 = 0x19c
                0x0000019e                __TBCCR6 = 0x19e
                0x00000060                __UCA0CTL0 = 0x60
                0x00000061                __UCA0CTL1 = 0x61
                0x00000062                __UCA0BR0 = 0x62
                0x00000063                __UCA0BR1 = 0x63
                0x00000064                __UCA0MCTL = 0x64
                0x00000065                __UCA0STAT = 0x65
                0x00000066                __UCA0RXBUF = 0x66
                0x00000067                __UCA0TXBUF = 0x67
                0x0000005d                __UCA0ABCTL = 0x5d
                0x0000005e                __UCA0IRTCTL = 0x5e
                0x0000005f                __UCA0IRRCTL = 0x5f
                0x00000068                __UCB0CTL0 = 0x68
                0x00000069                __UCB0CTL1 = 0x69
                0x0000006a                __UCB0BR0 = 0x6a
                0x0000006b                __UCB0BR1 = 0x6b
                0x0000006c                __UCB0I2CIE = 0x6c
                0x0000006d                __UCB0STAT = 0x6d
                0x0000006e                __UCB0RXBUF = 0x6e
                0x0000006f                __UCB0TXBUF = 0x6f
                0x00000118                __UCB0I2COA = 0x118
                0x0000011a                __UCB0I2CSA = 0x11a
                0x000000d0                __UCA1CTL0 = 0xd0
                0x000000d1                __UCA1CTL1 = 0xd1
                0x000000d2                __UCA1BR0 = 0xd2
                0x000000d3                __UCA1BR1 = 0xd3
                0x000000d4                __UCA1MCTL = 0xd4
                0x000000d5                __UCA1STAT = 0xd5
                0x000000d6                __UCA1RXBUF = 0xd6
                0x000000d7                __UCA1TXBUF = 0xd7
                0x000000cd                __UCA1ABCTL = 0xcd
                0x000000ce                __UCA1IRTCTL = 0xce
                0x000000cf                __UCA1IRRCTL = 0xcf
                0x000000d8                __UCB1CTL0 = 0xd8
                0x000000d9                __UCB1CTL1 = 0xd9
                0x000000da                __UCB1BR0 = 0xda
                0x000000db                __UCB1BR1 = 0xdb
                0x000000dc                __UCB1I2CIE = 0xdc
                0x000000dd                __UCB1STAT = 0xdd
                0x000000de                __UCB1RXBUF = 0xde
                0x000000df                __UCB1TXBUF = 0xdf
                0x0000017c                __UCB1I2COA = 0x17c
                0x0000017e                __UCB1I2CSA = 0x17e
                0x00000120                __WDTCTL = 0x120
                0x000010c0                __TLV_CHECKSUM = 0x10c0
                0x000010f6                __TLV_DCO_30_TAG = 0x10f6
                0x000010f7                __TLV_DCO_30_LEN = 0x10f7
                0x000010da                __TLV_ADC12_1_TAG = 0x10da
                0x000010db                __TLV_ADC12_1_LEN = 0x10db
                0x000010f8                __CALDCO_16MHZ = 0x10f8
                0x000010f9                __CALBC1_16MHZ = 0x10f9
                0x000010fa                __CALDCO_12MHZ = 0x10fa
                0x000010fb                __CALBC1_12MHZ = 0x10fb
                0x000010fc                __CALDCO_8MHZ = 0x10fc
                0x000010fd                __CALBC1_8MHZ = 0x10fd
                0x000010fe                __CALDCO_1MHZ = 0x10fe
                0x000010ff                __CALBC1_1MHZ = 0x10ff

.hash
 *(.hash)

.dynsym
 *(.dynsym)

.dynstr
 *(.dynstr)

.gnu.version
 *(.gnu.version)

.gnu.version_d
 *(.gnu.version_d)

.gnu.version_r
 *(.gnu.version_r)

.rel.init
 *(.rel.init)

.rela.init
 *(.rela.init)

.rel.text
 *(.rel.text)
 *(.rel.text.*)
 *(.rel.gnu.linkonce.t*)

.rela.text
 *(.rela.text)
 *(.rela.text.*)
 *(.rela.gnu.linkonce.t*)

.rel.fini
 *(.rel.fini)

.rela.fini
 *(.rela.fini)

.rel.rodata
 *(.rel.rodata)
 *(.rel.rodata.*)
 *(.rel.gnu.linkonce.r*)

.rela.rodata
 *(.rela.rodata)
 *(.rela.rodata.*)
 *(.rela.gnu.linkonce.r*)

.rel.data
 *(.rel.data)
 *(.rel.data.*)
 *(.rel.gnu.linkonce.d*)

.rela.data
 *(.rela.data)
 *(.rela.data.*)
 *(.rela.gnu.linkonce.d*)

.rel.ctors
 *(.rel.ctors)

.rela.ctors
 *(.rela.ctors)

.rel.dtors
 *(.rel.dtors)

.rela.dtors
 *(.rela.dtors)

.rel.got
 *(.rel.got)

.rela.got
 *(.rela.got)

.rel.bss
 *(.rel.bss)

.rela.bss
 *(.rela.bss)

.rel.plt
 *(.rel.plt)

.rela.plt
 *(.rela.plt)

.text           0x00003100     0xb944
                0x00003100                . = ALIGN (0x2)
 *(.init)
 *(.init0)
 .init0         0x00003100        0x0 /usr/lib/gcc/msp430/4.5.3/mcpu-430x/mmpy-16/libcrt0.a(_reset_vector__.o)
                0x00003100                _reset_vector__
 *(.init1)
 *(.init2)
 .init2         0x00003100        0x4 /usr/lib/gcc/msp430/4.5.3/mcpu-430x/mmpy-16/libcrt0.a(__init_stack.o)
                0x00003100                __init_stack
 *(.init3)
 .init3         0x00003104        0xa /usr/lib/gcc/msp430/4.5.3/mcpu-430x/mmpy-16/libcrt0.a(__low_level_init.o)
                0x00003104                __low_level_init
 *(.init4)
 .init4         0x0000310e       0x16 /usr/lib/gcc/msp430/4.5.3/mcpu-430x/mmpy-16/libcrt0.a(_copy_data.o)
                0x0000310e                __do_copy_data
 .init4         0x00003124       0x14 /usr/lib/gcc/msp430/4.5.3/mcpu-430x/mmpy-16/libcrt0.a(_clear_bss.o)
                0x00003124                __do_clear_bss
 *(.init5)
 *(.init6)
 *(.init7)
 *(.init8)
 *(.init9)
 .init9         0x00003138       0x9e obj_cmote/contiki-z1-main.o
                0x00003138                main
 *(.fini9)
 .fini9         0x000031d6        0x0 /usr/lib/gcc/msp430/4.5.3/mcpu-430x/mmpy-16/libcrt0.a(__stop_progExec__.o)
                0x000031d6                __stop_progExec__
 *(.fini8)
 *(.fini7)
 *(.fini6)
 *(.fini5)
 *(.fini4)
 *(.fini3)
 *(.fini2)
 *(.fini1)
 *(.fini0)
 .fini0         0x000031d6        0x6 /usr/lib/gcc/msp430/4.5.3/mcpu-430x/mmpy-16/libcrt0.a(_endless_loop__.o)
                0x000031d6                _endless_loop__
 *(.fini)
                0x000031dc                . = ALIGN (0x2)
                0x000031dc                __ctors_start = .
 *(.ctors)
                0x000031dc                __ctors_end = .
                0x000031dc                __dtors_start = .
 *(.dtors)
                0x000031dc                __dtors_end = .
                0x000031dc                . = ALIGN (0x2)
 *(.text)
 .text          0x000031dc        0x4 /usr/lib/gcc/msp430/4.5.3/mcpu-430x/mmpy-16/crt0ivtbl32.o
                0x000031dc                __isr_14
                0x000031dc                __isr_4
                0x000031dc                __isr_29
                0x000031dc                __isr_23
                0x000031dc                __isr_11
                0x000031dc                __isr_5
                0x000031dc                __isr_2
                0x000031dc                __isr_10
                0x000031dc                __isr_7
                0x000031dc                __isr_0
                0x000031dc                __isr_28
                0x000031dc                __isr_8
                0x000031dc                __isr_20
                0x000031dc                __isr_3
                0x000031dc                __isr_12
                0x000031dc                __isr_13
                0x000031dc                __isr_27
                0x000031dc                __isr_9
                0x000031dc                __isr_30
                0x000031dc                __isr_6
                0x000031dc                __isr_22
                0x000031dc                __isr_1
                0x000031dc                __isr_15
                0x000031dc                __isr_21
 .text          0x000031e0       0xf8 tx.co
                0x000032d4                autostart_processes
 .text          0x000032d8       0x16 obj_cmote/contiki-z1-main.o
                0x000032d8                uip_log
 .text          0x000032ee        0x2 contiki-cmote.a(contiki-z1-plat)
                0x000032ee                init_platform
 .text          0x000032f0       0xda contiki-cmote.a(msp430.o)
                0x000032f0                msp430_init_dco
                0x0000331a                msp430_cpu_init
                0x0000335e                splhigh_
                0x00003366                msp430_sync_dco
 .text          0x000033ca      0x166 contiki-cmote.a(leds.o)
                0x000034d8                leds_init
                0x000034e2                leds_get
                0x000034e8                leds_set
                0x000034ee                leds_on
                0x000034f8                leds_off
                0x00003506                leds_toggle
                0x00003510                leds_blink
 .text          0x00003530       0x86 contiki-cmote.a(leds-arch.o)
                0x00003530                leds_arch_init
                0x0000353e                leds_arch_get
                0x00003572                leds_arch_set
 .text          0x000035b6       0x5c contiki-cmote.a(watchdog.o)
                0x000035b6                __isr_26
                0x000035b6                watchdog_interrupt
                0x000035bc                watchdog_start
                0x000035d0                watchdog_periodic
                0x000035e2                watchdog_stop
                0x000035f8                watchdog_init
                0x0000360c                watchdog_reboot
 .text          0x00003612     0x1022 contiki-cmote.a(cc2520.o)
                0x0000393a                cc2520_on
                0x0000395c                cc2520_off
                0x00003e96                cc2520_init
                0x00004072                cc2520_get_channel
                0x000040aa                cc2520_set_channel
                0x0000417c                cc2520_set_pan_addr
                0x00004358                cc2520_interrupt
                0x0000438a                cc2520_set_txpower
                0x00004398                cc2520_get_txpower
                0x00004542                cc2520_rssi
                0x000045a8                cc2520_cca_valid
                0x000045d0                is_packet_received
                0x000045d6                set_packet_received
                0x000045dc                clear_packet_received
                0x000045e2                cc2520_set_cca_threshold
                0x00004618                cc2520_driver
 .text          0x00004634       0xf0 contiki-cmote.a(cc2520-arch.o)
                0x00004634                __isr_18
                0x00004634                cc2520_port1_interrupt
                0x000046bc                cc2520_arch_init
 .text          0x00004724      0x128 contiki-cmote.a(button-sensor.o)
                0x000047aa                irq_p2
                0x000047aa                __isr_19
                0x00004844                button_sensor
 .text          0x0000484c      0x212 contiki-cmote.a(uart1.o)
                0x0000484c                uart1_active
                0x00004858                uart1_set_input
                0x0000485e                uart1_writeb
                0x0000486c                uart1_init
                0x0000495a                uart1_rx_interrupt
                0x0000495a                __isr_17
                0x000049dc                __isr_16
                0x000049dc                uart1_tx_interrupt
 .text          0x00004a5e       0x1c contiki-cmote.a(uart1-putchar.o)
                0x00004a5e                putchar
 .text          0x00004a7a      0x1ee contiki-cmote.a(clock.o)
                0x00004a88                __isr_24
                0x00004a88                timera1
                0x00004b7a                clock_time
                0x00004b94                clock_set
                0x00004baa                clock_fine_max
                0x00004bb0                clock_fine
                0x00004bba                clock_init
                0x00004be2                clock_delay
                0x00004bee                clock_wait
                0x00004c24                clock_set_seconds
                0x00004c40                clock_seconds
                0x00004c5a                clock_counter
 .text          0x00004c68       0x98 contiki-cmote.a(rtimer-arch.o)
                0x00004c68                rtimer_arch_init
                0x00004c76                rtimer_arch_now
                0x00004c84                __isr_25
                0x00004c84                timera0
                0x00004cfa                rtimer_arch_schedule
 .text          0x00004d00       0x2e contiki-cmote.a(autostart.o)
                0x00004d00                autostart_start
                0x00004d18                autostart_exit
 .text          0x00004d2e      0x1e4 contiki-cmote.a(ctimer.o)
                0x00004dd2                ctimer_init
                0x00004dea                ctimer_set_with_process
                0x00004e38                ctimer_set
                0x00004e48                ctimer_reset
                0x00004e78                ctimer_restart
                0x00004ea8                ctimer_stop
                0x00004ed0                ctimer_expired
 .text          0x00004f12       0xcc contiki-cmote.a(energest.o)
                0x00004f12                energest_init
                0x00004f3c                energest_type_time
                0x00004f80                energest_leveldevice_leveltime
                0x00004f86                energest_type_set
                0x00004f94                energest_flush
 .text          0x00004fde      0x29c contiki-cmote.a(etimer.o)
                0x00005056                etimer_request_poll
                0x0000516e                etimer_set
                0x00005180                etimer_reset_with_new_interval
                0x000051a6                etimer_reset
                0x000051b8                etimer_restart
                0x000051ca                etimer_adjust
                0x000051e4                etimer_expired
                0x000051f2                etimer_expiration_time
                0x00005206                etimer_start_time
                0x0000520e                etimer_pending
                0x0000521c                etimer_next_expiration_time
                0x00005232                etimer_stop
 .text          0x0000527a      0x2ac contiki-cmote.a(process.o)
                0x0000538a                process_alloc_event
                0x00005398                process_exit
                0x000053a2                process_init
                0x000053be                process_run
                0x0000545a                process_nevents
                0x00005466                process_post
                0x000054ba                process_post_synch
                0x000054cc                process_start
                0x000054fe                process_poll
                0x00005518                process_is_running
 .text          0x00005526       0x50 contiki-cmote.a(rtimer.o)
                0x00005526                rtimer_init
                0x0000552c                rtimer_set
                0x00005550                rtimer_run_next
 .text          0x00005576       0x94 contiki-cmote.a(timer.o)
                0x00005576                timer_set
                0x00005592                timer_reset
                0x000055a0                timer_restart
                0x000055b4                timer_expired
                0x000055e2                timer_remaining
 .text          0x0000560a       0xfc contiki-cmote.a(list.o)
                0x0000560a                list_init
                0x00005610                list_head
                0x00005614                list_copy
                0x0000561a                list_tail
                0x0000562e                list_chop
                0x00005658                list_pop
                0x00005666                list_remove
                0x00005694                list_push
                0x000056ae                list_add
                0x000056d8                list_length
                0x000056e8                list_insert
                0x000056fe                list_item_next
 .text          0x00005706       0x9c contiki-cmote.a(ringbuf.o)
                0x00005706                ringbuf_init
                0x0000571a                ringbuf_put
                0x00005756                ringbuf_get
                0x00005788                ringbuf_size
                0x00005790                ringbuf_elements
 .text          0x000057a2      0x228 contiki-cmote.a(packetbuf.o)
                0x000057a2                packetbuf_clear_hdr
                0x000057aa                packetbuf_compact
                0x000057d8                packetbuf_copyto_hdr
                0x000057f4                packetbuf_copyto
                0x00005846                packetbuf_hdr_remove
                0x0000584c                packetbuf_hdrreduce
                0x00005882                packetbuf_set_datalen
                0x0000589a                packetbuf_dataptr
                0x000058a4                packetbuf_hdrptr
                0x000058ae                packetbuf_datalen
                0x000058b4                packetbuf_hdrlen
                0x000058c4                packetbuf_totlen
                0x000058d0                packetbuf_hdralloc
                0x000058fe                packetbuf_attr_clear
                0x00005928                packetbuf_clear
                0x00005948                packetbuf_copyfrom
                0x00005976                packetbuf_attr_copyto
                0x00005998                packetbuf_attr_copyfrom
                0x000059bc                packetbuf_holds_broadcast
 .text          0x000059ca      0x6b0 contiki-cmote.a(contikimac.o)
                0x0000605a                contikimac_debug_print
                0x0000606a                contikimac_driver
 .text          0x0000607a       0x2a contiki-cmote.a(spi.o)
                0x0000607a                spi_init
 .text          0x000060a4      0x164 contiki-cmote.a(sensors.o)
                0x00006188                sensors_first
                0x0000618e                sensors_next
                0x0000619c                sensors_changed
                0x000061b0                sensors_find
 .text          0x00006208       0x2e contiki-cmote.a(linkaddr.o)
                0x00006208                linkaddr_copy
                0x00006210                linkaddr_cmp
                0x00006222                linkaddr_set_node_addr
                0x0000622e                linkaddr_null
 .text          0x00006236      0x144 contiki-cmote.a(queuebuf.o)
                0x00006236                queuebuf_init
                0x00006248                queuebuf_numfree
                0x00006252                queuebuf_new_from_packetbuf
                0x000062a4                queuebuf_update_attr_from_packetbuf
                0x000062b6                queuebuf_update_from_packetbuf
                0x000062d8                queuebuf_free
                0x00006302                queuebuf_to_packetbuf
                0x00006338                queuebuf_dataptr
                0x00006350                queuebuf_datalen
                0x00006358                queuebuf_addr
                0x0000636a                queuebuf_attr
                0x00006378                queuebuf_debug_print
 .text          0x0000637a      0x3e2 contiki-cmote.a(csma.o)
                0x0000674e                csma_driver
 .text          0x0000675c      0x1be contiki-cmote.a(framer-802154.o)
                0x00006912                framer_802154
 .text          0x0000691a       0x20 contiki-cmote.a(framer.o)
                0x0000691a                framer_canonical_create_and_secure
 .text          0x0000693a       0x14 contiki-cmote.a(mac.o)
                0x0000693a                mac_call_sent_callback
 .text          0x0000694e       0xae contiki-cmote.a(mac-sequence.o)
                0x0000694e                mac_sequence_is_duplicate
                0x0000698e                mac_sequence_register_seqno
 .text          0x000069fc       0x46 contiki-cmote.a(nullsec.o)
                0x00006a36                nullsec_driver
 .text          0x00006a42      0x102 contiki-cmote.a(memb.o)
                0x00006a42                memb_init
                0x00006a78                memb_alloc
                0x00006ab6                memb_free
                0x00006af0                memb_inmemb
                0x00006b1e                memb_numfree
 .text          0x00006b44        0xc contiki-cmote.a(random.o)
                0x00006b44                random_init
                0x00006b4a                random_rand
 .text          0x00006b50      0xfbc contiki-cmote.a(sicslowpan.o)
                0x0000736c                sicslowpan_init
                0x00007ad6                rime_sniffer_add
                0x00007adc                rime_sniffer_remove
                0x00007ae2                sicslowpan_get_last_rssi
                0x00007ae8                unc_llconf
                0x00007aec                unc_ctxconf
                0x00007af0                unc_mxconf
                0x00007af4                llprefix
                0x00007b02                sicslowpan_driver
 .text          0x00007b0c     0x14f8 contiki-cmote.a(uip6.o)
                0x00007c74                uip_add32
                0x00007d14                uip_chksum
                0x00007d30                uip_icmp6chksum
                0x00007d3a                uip_tcpchksum
                0x00007d44                uip_udpchksum
                0x00007d4e                uip_init
                0x00007dc2                uip_connect
                0x00007efa                remove_ext_hdr
                0x00007f4e                uip_udp_new
                0x0000803c                uip_unlisten
                0x0000806e                uip_listen
                0x000080a2                uip_process
                0x00008f70                uip_htons
                0x00008f82                uip_htonl
                0x00008fc0                uip_send
 .text          0x00009004      0x736 contiki-cmote.a(uip-ds6.o)
                0x00009004                uip_ds6_list_loop
                0x00009086                uip_ds6_prefix_add
                0x00009106                uip_ds6_prefix_rm
                0x00009110                uip_ds6_prefix_lookup
                0x00009138                uip_ds6_is_addr_onlink
                0x00009188                uip_ds6_addr_lookup
                0x000091b2                uip_ds6_get_link_local
                0x000091f0                uip_ds6_get_global
                0x0000922e                uip_ds6_maddr_add
                0x0000927a                uip_ds6_addr_add
                0x00009344                uip_ds6_maddr_rm
                0x0000934e                uip_ds6_maddr_lookup
                0x00009378                uip_ds6_addr_rm
                0x000093cc                uip_ds6_periodic
                0x00009416                uip_ds6_aaddr_add
                0x00009460                uip_ds6_aaddr_rm
                0x0000946a                uip_ds6_aaddr_lookup
                0x00009492                uip_ds6_set_addr_iid
                0x000094a6                get_match_length
                0x000094ec                uip_ds6_select_src
                0x00009596                uip_ds6_compute_reachable_time
                0x000095e0                uip_ds6_init
 .text          0x0000973a      0x2dc contiki-cmote.a(uip-ds6-nbr.o)
                0x0000973a                uip_ds6_nbr_rm
                0x00009754                uip_ds6_neighbors_init
                0x00009762                uip_ds6_nbr_add
                0x000097c2                uip_ds6_nbr_get_ipaddr
                0x000097c4                uip_ds6_nbr_get_ll
                0x000097d0                uip_ds6_nbr_num
                0x000097f4                uip_ds6_nbr_lookup
                0x00009834                uip_ds6_nbr_ll_lookup
                0x00009840                uip_ds6_nbr_ipaddr_from_lladdr
                0x00009846                uip_ds6_nbr_lladdr_from_ipaddr
                0x00009856                uip_ds6_link_neighbor_callback
                0x00009880                uip_ds6_neighbor_periodic
                0x000099b8                uip_ds6_get_least_lifetime_neighbor
 .text          0x00009a16      0x4d2 contiki-cmote.a(uip-ds6-route.o)
                0x00009a6a                uip_ds6_notification_add
                0x00009a82                uip_ds6_notification_rm
                0x00009a8e                uip_ds6_route_init
                0x00009ac4                uip_ds6_route_nexthop
                0x00009ada                uip_ds6_route_head
                0x00009ae4                uip_ds6_route_next
                0x00009af0                uip_ds6_route_num_routes
                0x00009af6                uip_ds6_route_lookup
                0x00009b7e                uip_ds6_route_rm
                0x00009c5c                uip_ds6_route_add
                0x00009d70                uip_ds6_route_rm_by_nexthop
                0x00009d84                uip_ds6_defrt_rm
                0x00009dcc                uip_ds6_defrt_lookup
                0x00009e02                uip_ds6_defrt_add
                0x00009e76                uip_ds6_defrt_choose
                0x00009eb0                uip_ds6_defrt_periodic
 .text          0x00009ee8      0x4b6 contiki-cmote.a(uip-icmp6.o)
                0x0000a116                uip_icmp6_input
                0x0000a15a                uip_icmp6_register_input_handler
                0x0000a166                uip_icmp6_error_output
                0x0000a2d4                uip_icmp6_send
                0x0000a368                uip_icmp6_echo_reply_callback_add
                0x0000a380                uip_icmp6_echo_reply_callback_rm
                0x0000a38c                uip_icmp6_init
 .text          0x0000a39e      0x5a4 contiki-cmote.a(uip-nd6.o)
                0x0000a7c0                uip_nd6_ns_output
                0x0000a930                uip_nd6_init
 .text          0x0000a942      0x53a contiki-cmote.a(tcpip.o)
                0x0000a958                tcpip_output
                0x0000a968                tcpip_set_outputfunc
                0x0000a96e                tcp_unlisten
                0x0000a9a8                tcp_listen
                0x0000a9e4                tcp_attach
                0x0000a9f0                udp_attach
                0x0000a9fc                udp_new
                0x0000aa16                udp_broadcast_new
                0x0000aa5c                tcpip_input
                0x0000aa72                tcpip_ipv6_output
                0x0000adb0                tcpip_poll_udp
                0x0000adbe                tcpip_poll_tcp
                0x0000adcc                tcp_connect
                0x0000adf2                tcpip_uipcall
 .text          0x0000ae7c       0xf0 contiki-cmote.a(uip-debug.o)
                0x0000ae92                uip_debug_ipaddr_print
                0x0000af28                uip_debug_lladdr_print
 .text          0x0000af6c      0x282 contiki-cmote.a(rpl.o)
                0x0000af6c                rpl_get_mode
                0x0000af72                rpl_set_mode
                0x0000afc6                rpl_purge_routes
                0x0000b05c                rpl_remove_routes
                0x0000b07e                rpl_remove_routes_by_nexthop
                0x0000b0c4                rpl_add_route
                0x0000b10a                rpl_link_neighbor_callback
                0x0000b186                rpl_ipv6_neighbor_callback
                0x0000b1a4                rpl_init
 .text          0x0000b1ee     0x1172 contiki-cmote.a(rpl-dag.o)
                0x0000b32c                rpl_get_nbr
                0x0000b3b0                rpl_print_neighbor_list
                0x0000b4b0                rpl_dag_init
                0x0000b4be                rpl_get_parent
                0x0000b4ca                rpl_get_parent_rank
                0x0000b4de                rpl_get_parent_link_metric
                0x0000b4f2                rpl_get_parent_ipaddr
                0x0000b502                rpl_set_prefix
                0x0000b592                rpl_set_default_route
                0x0000b5f4                rpl_alloc_instance
                0x0000b628                rpl_set_default_instance
                0x0000b62e                rpl_get_default_instance
                0x0000b634                rpl_add_parent
                0x0000b688                rpl_find_parent
                0x0000b6a0                rpl_find_parent_any_dag
                0x0000b6c4                rpl_select_parent
                0x0000b740                rpl_select_dag
                0x0000b8ee                rpl_nullify_parent
                0x0000b940                rpl_remove_parent
                0x0000b98c                rpl_free_dag
                0x0000b9c2                rpl_free_instance
                0x0000ba32                rpl_move_parent
                0x0000ba8c                rpl_get_any_dag
                0x0000baa4                rpl_get_instance
                0x0000baba                rpl_alloc_dag
                0x0000bb1e                rpl_repair_root
                0x0000bb6a                rpl_set_root
                0x0000bcc2                rpl_find_of
                0x0000bcd2                rpl_join_instance
                0x0000be14                rpl_local_repair
                0x0000be90                rpl_process_parent_event
                0x0000bf16                rpl_recalculate_ranks
                0x0000bf5c                rpl_add_dag
                0x0000c070                rpl_process_dio
                0x0000c354                rpl_lock_parent
 .text          0x0000c360      0x368 contiki-cmote.a(rpl-ext-header.)
                0x0000c360                rpl_verify_header
                0x0000c422                rpl_update_header_empty
                0x0000c554                rpl_update_header_final
                0x0000c5e8                rpl_remove_header
                0x0000c632                rpl_invert_header
                0x0000c6b6                rpl_insert_header
 .text          0x0000c6c8      0xad0 contiki-cmote.a(rpl-icmp6.o)
                0x0000ca54                dis_output
                0x0000caa4                dio_output
                0x0000cd72                dao_output_target
                0x0000ce56                dao_output
                0x0000ced0                dao_ack_output
                0x0000d176                rpl_icmp6_register_handlers
 .text          0x0000d198      0x184 contiki-cmote.a(rpl-mrhof.o)
 .text          0x0000d31c      0x4d0 contiki-cmote.a(rpl-timers.o)
                0x0000d5e0                rpl_reset_periodic_timer
                0x0000d636                rpl_reset_dio_timer
                0x0000d64e                rpl_schedule_dao
                0x0000d65a                rpl_schedule_dao_immediately
                0x0000d664                rpl_cancel_dao
                0x0000d67e                rpl_schedule_probing
 .text          0x0000d7ec      0x490 contiki-cmote.a(nbr-table.o)
                0x0000da02                nbr_table_register
                0x0000da28                nbr_table_next
                0x0000da5e                nbr_table_head
                0x0000da94                nbr_table_add_lladdr
                0x0000dbd2                nbr_table_get_from_lladdr
                0x0000dc1e                nbr_table_remove
                0x0000dc50                nbr_table_lock
                0x0000dc60                nbr_table_unlock
                0x0000dc70                nbr_table_get_lladdr
 .text          0x0000dc7c      0x3a8 contiki-cmote.a(frame802154.o)
                0x0000dd14                frame802154_hdrlen
                0x0000dd42                frame802154_create
                0x0000de8e                frame802154_parse
 .text          0x0000e024       0xba contiki-cmote.a(stimer.o)
                0x0000e024                stimer_set
                0x0000e040                stimer_reset
                0x0000e04e                stimer_restart
                0x0000e062                stimer_expired
                0x0000e0a4                stimer_remaining
                0x0000e0cc                stimer_elapsed
 .text          0x0000e0de        0x0 /usr/lib/gcc/msp430/4.5.3/mcpu-430x/mmpy-16/libgcc.a(_mulsi3.o)
 .text          0x0000e0de        0x0 /usr/lib/gcc/msp430/4.5.3/mcpu-430x/mmpy-16/libgcc.a(_udivmodhi4.o)
 .text          0x0000e0de        0x0 /usr/lib/gcc/msp430/4.5.3/mcpu-430x/mmpy-16/libgcc.a(_divmodhi4.o)
 .text          0x0000e0de        0x0 /usr/lib/gcc/msp430/4.5.3/mcpu-430x/mmpy-16/libgcc.a(_udivmodsi4.o)
 .text          0x0000e0de       0x30 /usr/lib/gcc/msp430/4.5.3/../../../../msp430/lib/mcpu-430x/mmpy-16/libc.a(strncmp.o)
                0x0000e0de                strncmp
 .text          0x0000e10e       0x34 /usr/lib/gcc/msp430/4.5.3/../../../../msp430/lib/mcpu-430x/mmpy-16/libc.a(memcmp.o)
                0x0000e10e                memcmp
 .text          0x0000e142      0x104 /usr/lib/gcc/msp430/4.5.3/../../../../msp430/lib/mcpu-430x/mmpy-16/libc.a(memcpy.o)
                0x0000e142                memcpy
 .text          0x0000e246      0x104 /usr/lib/gcc/msp430/4.5.3/../../../../msp430/lib/mcpu-430x/mmpy-16/libc.a(memmove.o)
                0x0000e246                memmove
 .text          0x0000e34a       0x66 /usr/lib/gcc/msp430/4.5.3/../../../../msp430/lib/mcpu-430x/mmpy-16/libc.a(memset.o)
                0x0000e34a                memset
 .text          0x0000e3b0       0x20 /usr/lib/gcc/msp430/4.5.3/../../../../msp430/lib/mcpu-430x/mmpy-16/libc.a(printf.o)
                0x0000e3b0                printf
                0x0000e3c2                vprintf
 .text          0x0000e3d0      0x476 /usr/lib/gcc/msp430/4.5.3/../../../../msp430/lib/mcpu-430x/mmpy-16/libc.a(vuprintf.o)
                0x0000e4dc                vuprintf
 .text          0x0000e846       0x2c /usr/lib/gcc/msp430/4.5.3/../../../../msp430/lib/mcpu-430x/mmpy-16/libc.a(puts.o)
                0x0000e846                puts
 .text          0x0000e872      0x134 /usr/lib/gcc/msp430/4.5.3/../../../../msp430/lib/mcpu-430x/mmpy-16/libc.a(rand.o)
                0x0000e872                rand_r
                0x0000e906                rand
                0x0000e99c                srand
 .text          0x0000e9a6        0x0 /usr/lib/gcc/msp430/4.5.3/mcpu-430x/mmpy-16/libcrt0.a(_reset_vector__.o)
 .text          0x0000e9a6        0x0 /usr/lib/gcc/msp430/4.5.3/mcpu-430x/mmpy-16/libcrt0.a(__init_stack.o)
 .text          0x0000e9a6        0x0 /usr/lib/gcc/msp430/4.5.3/mcpu-430x/mmpy-16/libcrt0.a(__low_level_init.o)
 .text          0x0000e9a6        0x0 /usr/lib/gcc/msp430/4.5.3/mcpu-430x/mmpy-16/libcrt0.a(_copy_data.o)
 .text          0x0000e9a6        0x0 /usr/lib/gcc/msp430/4.5.3/mcpu-430x/mmpy-16/libcrt0.a(_clear_bss.o)
 .text          0x0000e9a6        0x0 /usr/lib/gcc/msp430/4.5.3/mcpu-430x/mmpy-16/libcrt0.a(__stop_progExec__.o)
 .text          0x0000e9a6        0x0 /usr/lib/gcc/msp430/4.5.3/mcpu-430x/mmpy-16/libcrt0.a(_endless_loop__.o)
 .text          0x0000e9a6        0x0 /usr/lib/gcc/msp430/4.5.3/mcpu-430x/mmpy-16/libcrt0.a(_unexpected_.o)
                0x0000e9a6                . = ALIGN (0x2)
 *(.text.*)
 .text.crt0     0x0000e9a6        0x0 /usr/lib/gcc/msp430/4.5.3/mcpu-430x/mmpy-16/crt0ivtbl32.o
 .text.libgcc   0x0000e9a6       0x20 /usr/lib/gcc/msp430/4.5.3/mcpu-430x/mmpy-16/libgcc.a(_mulsi3.o)
                0x0000e9a6                __mulsi3
 .text.libgcc   0x0000e9c6       0x1c /usr/lib/gcc/msp430/4.5.3/mcpu-430x/mmpy-16/libgcc.a(_udivmodhi4.o)
                0x0000e9c6                __udivmodhi4
 .text.libgcc   0x0000e9e2       0x36 /usr/lib/gcc/msp430/4.5.3/mcpu-430x/mmpy-16/libgcc.a(_divmodhi4.o)
                0x0000e9e2                __divmodhi4
 .text.libgcc   0x0000ea18       0x2a /usr/lib/gcc/msp430/4.5.3/mcpu-430x/mmpy-16/libgcc.a(_udivmodsi4.o)
                0x0000ea18                __udivmodsi4
 .text.crt0     0x0000ea42        0x2 /usr/lib/gcc/msp430/4.5.3/mcpu-430x/mmpy-16/libcrt0.a(_unexpected_.o)
                0x0000ea42                _unexpected_

.rodata         0x0000ea44        0x0
                0x0000ea44                . = ALIGN (0x2)
 *(.rodata .rodata.* .gnu.linkonce.r.*)
                0x0000ea44                . = ALIGN (0x2)
                0x0000ea44                _etext = .

.data           0x00001100       0xfc load address 0x0000ea44
                0x00001100                . = ALIGN (0x2)
                0x00001100                PROVIDE (__data_start, .)
 *(.data)
 .data          0x00001100        0x0 /usr/lib/gcc/msp430/4.5.3/mcpu-430x/mmpy-16/crt0ivtbl32.o
 .data          0x00001100       0x12 tx.co
                0x00001100                ieee_addr
                0x00001108                cmote_tx_process
 .data          0x00001112        0x4 obj_cmote/contiki-z1-main.o
                0x00001112                sensors
 .data          0x00001116        0x0 contiki-cmote.a(contiki-z1-plat)
 .data          0x00001116        0x2 contiki-cmote.a(msp430.o)
 .data          0x00001118        0x0 contiki-cmote.a(leds.o)
 .data          0x00001118        0x0 contiki-cmote.a(leds-arch.o)
 .data          0x00001118        0x0 contiki-cmote.a(watchdog.o)
 .data          0x00001118       0x14 contiki-cmote.a(cc2520.o)
                0x00001118                cc2520_process
                0x00001122                cc2520_patch_process
 .data          0x0000112c        0x0 contiki-cmote.a(cc2520-arch.o)
 .data          0x0000112c        0x0 contiki-cmote.a(button-sensor.o)
 .data          0x0000112c        0x0 contiki-cmote.a(uart1.o)
 .data          0x0000112c        0x0 contiki-cmote.a(uart1-putchar.o)
 .data          0x0000112c        0x0 contiki-cmote.a(clock.o)
 .data          0x0000112c        0x0 contiki-cmote.a(rtimer-arch.o)
 .data          0x0000112c        0x0 contiki-cmote.a(autostart.o)
 .data          0x0000112c        0xa contiki-cmote.a(ctimer.o)
                0x0000112c                ctimer_process
 .data          0x00001136        0x0 contiki-cmote.a(energest.o)
 .data          0x00001136        0xa contiki-cmote.a(etimer.o)
                0x00001136                etimer_process
 .data          0x00001140        0x0 contiki-cmote.a(process.o)
 .data          0x00001140        0x0 contiki-cmote.a(rtimer.o)
 .data          0x00001140        0x0 contiki-cmote.a(timer.o)
 .data          0x00001140        0x0 contiki-cmote.a(list.o)
 .data          0x00001140        0x0 contiki-cmote.a(ringbuf.o)
 .data          0x00001140        0x0 contiki-cmote.a(packetbuf.o)
 .data          0x00001140        0x0 contiki-cmote.a(contikimac.o)
 .data          0x00001140        0x0 contiki-cmote.a(spi.o)
 .data          0x00001140        0xa contiki-cmote.a(sensors.o)
                0x00001140                sensors_process
 .data          0x0000114a        0x0 contiki-cmote.a(linkaddr.o)
 .data          0x0000114a       0x10 contiki-cmote.a(queuebuf.o)
 .data          0x0000115a       0x18 contiki-cmote.a(csma.o)
 .data          0x00001172        0x0 contiki-cmote.a(framer-802154.o)
 .data          0x00001172        0x0 contiki-cmote.a(framer.o)
 .data          0x00001172        0x0 contiki-cmote.a(mac.o)
 .data          0x00001172        0x0 contiki-cmote.a(mac-sequence.o)
 .data          0x00001172        0x0 contiki-cmote.a(nullsec.o)
 .data          0x00001172        0x0 contiki-cmote.a(memb.o)
 .data          0x00001172        0x0 contiki-cmote.a(random.o)
 .data          0x00001172        0x0 contiki-cmote.a(sicslowpan.o)
 .data          0x00001172        0x0 contiki-cmote.a(uip6.o)
 .data          0x00001172        0x0 contiki-cmote.a(uip-ds6.o)
 .data          0x00001172        0xa contiki-cmote.a(uip-ds6-nbr.o)
                0x00001172                ds6_neighbors
 .data          0x0000117c       0x20 contiki-cmote.a(uip-ds6-route.o)
 .data          0x0000119c        0xc contiki-cmote.a(uip-icmp6.o)
 .data          0x000011a8        0xc contiki-cmote.a(uip-nd6.o)
 .data          0x000011b4        0xa contiki-cmote.a(tcpip.o)
                0x000011b4                tcpip_process
 .data          0x000011be        0x0 contiki-cmote.a(uip-debug.o)
 .data          0x000011be        0x0 contiki-cmote.a(rpl.o)
 .data          0x000011be        0xa contiki-cmote.a(rpl-dag.o)
                0x000011be                rpl_parents
 .data          0x000011c8        0x0 contiki-cmote.a(rpl-ext-header.)
 .data          0x000011c8       0x1a contiki-cmote.a(rpl-icmp6.o)
 .data          0x000011e2        0xe contiki-cmote.a(rpl-mrhof.o)
                0x000011e2                rpl_mrhof
 .data          0x000011f0        0x0 contiki-cmote.a(rpl-timers.o)
 .data          0x000011f0        0x8 contiki-cmote.a(nbr-table.o)
 .data          0x000011f8        0x0 contiki-cmote.a(frame802154.o)
 .data          0x000011f8        0x0 contiki-cmote.a(stimer.o)
 .data          0x000011f8        0x0 /usr/lib/gcc/msp430/4.5.3/mcpu-430x/mmpy-16/libgcc.a(_mulsi3.o)
 .data          0x000011f8        0x0 /usr/lib/gcc/msp430/4.5.3/mcpu-430x/mmpy-16/libgcc.a(_udivmodhi4.o)
 .data          0x000011f8        0x0 /usr/lib/gcc/msp430/4.5.3/mcpu-430x/mmpy-16/libgcc.a(_divmodhi4.o)
 .data          0x000011f8        0x0 /usr/lib/gcc/msp430/4.5.3/mcpu-430x/mmpy-16/libgcc.a(_udivmodsi4.o)
 .data          0x000011f8        0x0 /usr/lib/gcc/msp430/4.5.3/../../../../msp430/lib/mcpu-430x/mmpy-16/libc.a(strncmp.o)
 .data          0x000011f8        0x0 /usr/lib/gcc/msp430/4.5.3/../../../../msp430/lib/mcpu-430x/mmpy-16/libc.a(memcmp.o)
 .data          0x000011f8        0x0 /usr/lib/gcc/msp430/4.5.3/../../../../msp430/lib/mcpu-430x/mmpy-16/libc.a(memcpy.o)
 .data          0x000011f8        0x0 /usr/lib/gcc/msp430/4.5.3/../../../../msp430/lib/mcpu-430x/mmpy-16/libc.a(memmove.o)
 .data          0x000011f8        0x0 /usr/lib/gcc/msp430/4.5.3/../../../../msp430/lib/mcpu-430x/mmpy-16/libc.a(memset.o)
 .data          0x000011f8        0x0 /usr/lib/gcc/msp430/4.5.3/../../../../msp430/lib/mcpu-430x/mmpy-16/libc.a(printf.o)
 .data          0x000011f8        0x0 /usr/lib/gcc/msp430/4.5.3/../../../../msp430/lib/mcpu-430x/mmpy-16/libc.a(vuprintf.o)
 .data          0x000011f8        0x0 /usr/lib/gcc/msp430/4.5.3/../../../../msp430/lib/mcpu-430x/mmpy-16/libc.a(puts.o)
 .data          0x000011f8        0x4 /usr/lib/gcc/msp430/4.5.3/../../../../msp430/lib/mcpu-430x/mmpy-16/libc.a(rand.o)
 .data          0x000011fc        0x0 /usr/lib/gcc/msp430/4.5.3/mcpu-430x/mmpy-16/libcrt0.a(_reset_vector__.o)
 .data          0x000011fc        0x0 /usr/lib/gcc/msp430/4.5.3/mcpu-430x/mmpy-16/libcrt0.a(__init_stack.o)
 .data          0x000011fc        0x0 /usr/lib/gcc/msp430/4.5.3/mcpu-430x/mmpy-16/libcrt0.a(__low_level_init.o)
 .data          0x000011fc        0x0 /usr/lib/gcc/msp430/4.5.3/mcpu-430x/mmpy-16/libcrt0.a(_copy_data.o)
 .data          0x000011fc        0x0 /usr/lib/gcc/msp430/4.5.3/mcpu-430x/mmpy-16/libcrt0.a(_clear_bss.o)
 .data          0x000011fc        0x0 /usr/lib/gcc/msp430/4.5.3/mcpu-430x/mmpy-16/libcrt0.a(__stop_progExec__.o)
 .data          0x000011fc        0x0 /usr/lib/gcc/msp430/4.5.3/mcpu-430x/mmpy-16/libcrt0.a(_endless_loop__.o)
 .data          0x000011fc        0x0 /usr/lib/gcc/msp430/4.5.3/mcpu-430x/mmpy-16/libcrt0.a(_unexpected_.o)
 *(SORT(.data.*))
                0x000011fc                . = ALIGN (0x2)
 *(.gnu.linkonce.d*)
                0x000011fc                . = ALIGN (0x2)
                0x000011fc                _edata = .
                0x0000ea44                PROVIDE (__data_load_start, LOADADDR (.data))
                0x000000fc                PROVIDE (__data_size, SIZEOF (.data))

.bss            0x000011fc     0x13aa load address 0x0000eb40
                0x000011fc                PROVIDE (__bss_start, .)
 *(.bss)
 .bss           0x000011fc        0x0 /usr/lib/gcc/msp430/4.5.3/mcpu-430x/mmpy-16/crt0ivtbl32.o
 .bss           0x000011fc       0x66 tx.co
 .bss           0x00001262        0x0 obj_cmote/contiki-z1-main.o
 .bss           0x00001262        0x0 contiki-cmote.a(contiki-z1-plat)
 .bss           0x00001262        0x0 contiki-cmote.a(msp430.o)
 .bss           0x00001262        0x1 contiki-cmote.a(leds.o)
 .bss           0x00001263        0x0 contiki-cmote.a(leds-arch.o)
 *fill*         0x00001263        0x1 00
 .bss           0x00001264        0x2 contiki-cmote.a(watchdog.o)
 .bss           0x00001266        0xa contiki-cmote.a(cc2520.o)
                0x00001266                packet_received
 .bss           0x00001270        0x0 contiki-cmote.a(cc2520-arch.o)
 .bss           0x00001270        0x8 contiki-cmote.a(button-sensor.o)
 .bss           0x00001278        0xa contiki-cmote.a(uart1.o)
 .bss           0x00001282        0x0 contiki-cmote.a(uart1-putchar.o)
 .bss           0x00001282        0xa contiki-cmote.a(clock.o)
 .bss           0x0000128c        0x0 contiki-cmote.a(rtimer-arch.o)
 .bss           0x0000128c        0x0 contiki-cmote.a(autostart.o)
 .bss           0x0000128c        0x4 contiki-cmote.a(ctimer.o)
 .bss           0x00001290        0x0 contiki-cmote.a(energest.o)
 .bss           0x00001290        0x6 contiki-cmote.a(etimer.o)
 .bss           0x00001296       0x42 contiki-cmote.a(process.o)
                0x00001296                process_list
                0x00001298                process_current
 .bss           0x000012d8        0x2 contiki-cmote.a(rtimer.o)
 .bss           0x000012da        0x0 contiki-cmote.a(timer.o)
 .bss           0x000012da        0x0 contiki-cmote.a(list.o)
 .bss           0x000012da        0x0 contiki-cmote.a(ringbuf.o)
 .bss           0x000012da       0xb8 contiki-cmote.a(packetbuf.o)
 .bss           0x00001392       0x2c contiki-cmote.a(contikimac.o)
 .bss           0x000013be        0x2 contiki-cmote.a(spi.o)
                0x000013be                spi_busy
 .bss           0x000013c0        0x6 contiki-cmote.a(sensors.o)
 .bss           0x000013c6        0x0 contiki-cmote.a(linkaddr.o)
 .bss           0x000013c6      0x2d0 contiki-cmote.a(queuebuf.o)
 .bss           0x00001696       0x8c contiki-cmote.a(csma.o)
 .bss           0x00001722        0x2 contiki-cmote.a(framer-802154.o)
 .bss           0x00001724        0x0 contiki-cmote.a(framer.o)
 .bss           0x00001724        0x0 contiki-cmote.a(mac.o)
 .bss           0x00001724       0xa0 contiki-cmote.a(mac-sequence.o)
 .bss           0x000017c4        0x0 contiki-cmote.a(nullsec.o)
 .bss           0x000017c4        0x0 contiki-cmote.a(memb.o)
 .bss           0x000017c4        0x0 contiki-cmote.a(random.o)
 .bss           0x000017c4       0xc0 contiki-cmote.a(sicslowpan.o)
 .bss           0x00001884       0x10 contiki-cmote.a(uip6.o)
                0x00001884                uip_ext_bitmap
                0x00001886                uip_ext_len
                0x00001888                uip_ext_opt_offset
 .bss           0x00001894       0x18 contiki-cmote.a(uip-ds6.o)
 .bss           0x000018ac      0x23a contiki-cmote.a(uip-ds6-nbr.o)
 .bss           0x00001ae6      0x29c contiki-cmote.a(uip-ds6-route.o)
 .bss           0x00001d82       0x14 contiki-cmote.a(uip-icmp6.o)
 .bss           0x00001d96        0xa contiki-cmote.a(uip-nd6.o)
 .bss           0x00001da0       0x36 contiki-cmote.a(tcpip.o)
 .bss           0x00001dd6        0x0 contiki-cmote.a(uip-debug.o)
 .bss           0x00001dd6        0x2 contiki-cmote.a(rpl.o)
 .bss           0x00001dd8       0x96 contiki-cmote.a(rpl-dag.o)
 .bss           0x00001e6e        0x0 contiki-cmote.a(rpl-ext-header.)
 .bss           0x00001e6e        0x0 contiki-cmote.a(rpl-icmp6.o)
 .bss           0x00001e6e        0x0 contiki-cmote.a(rpl-mrhof.o)
 .bss           0x00001e6e       0x18 contiki-cmote.a(rpl-timers.o)
 .bss           0x00001e86       0xda contiki-cmote.a(nbr-table.o)
 .bss           0x00001f60        0x0 contiki-cmote.a(frame802154.o)
 .bss           0x00001f60        0x0 contiki-cmote.a(stimer.o)
 .bss           0x00001f60        0x0 /usr/lib/gcc/msp430/4.5.3/mcpu-430x/mmpy-16/libgcc.a(_mulsi3.o)
 .bss           0x00001f60        0x0 /usr/lib/gcc/msp430/4.5.3/mcpu-430x/mmpy-16/libgcc.a(_udivmodhi4.o)
 .bss           0x00001f60        0x0 /usr/lib/gcc/msp430/4.5.3/mcpu-430x/mmpy-16/libgcc.a(_divmodhi4.o)
 .bss           0x00001f60        0x0 /usr/lib/gcc/msp430/4.5.3/mcpu-430x/mmpy-16/libgcc.a(_udivmodsi4.o)
 .bss           0x00001f60        0x0 /usr/lib/gcc/msp430/4.5.3/../../../../msp430/lib/mcpu-430x/mmpy-16/libc.a(strncmp.o)
 .bss           0x00001f60        0x0 /usr/lib/gcc/msp430/4.5.3/../../../../msp430/lib/mcpu-430x/mmpy-16/libc.a(memcmp.o)
 .bss           0x00001f60        0x0 /usr/lib/gcc/msp430/4.5.3/../../../../msp430/lib/mcpu-430x/mmpy-16/libc.a(memcpy.o)
 .bss           0x00001f60        0x0 /usr/lib/gcc/msp430/4.5.3/../../../../msp430/lib/mcpu-430x/mmpy-16/libc.a(memmove.o)
 .bss           0x00001f60        0x0 /usr/lib/gcc/msp430/4.5.3/../../../../msp430/lib/mcpu-430x/mmpy-16/libc.a(memset.o)
 .bss           0x00001f60        0x0 /usr/lib/gcc/msp430/4.5.3/../../../../msp430/lib/mcpu-430x/mmpy-16/libc.a(printf.o)
 .bss           0x00001f60        0x0 /usr/lib/gcc/msp430/4.5.3/../../../../msp430/lib/mcpu-430x/mmpy-16/libc.a(vuprintf.o)
 .bss           0x00001f60        0x0 /usr/lib/gcc/msp430/4.5.3/../../../../msp430/lib/mcpu-430x/mmpy-16/libc.a(puts.o)
 .bss           0x00001f60        0x0 /usr/lib/gcc/msp430/4.5.3/../../../../msp430/lib/mcpu-430x/mmpy-16/libc.a(rand.o)
 .bss           0x00001f60        0x0 /usr/lib/gcc/msp430/4.5.3/mcpu-430x/mmpy-16/libcrt0.a(_reset_vector__.o)
 .bss           0x00001f60        0x0 /usr/lib/gcc/msp430/4.5.3/mcpu-430x/mmpy-16/libcrt0.a(__init_stack.o)
 .bss           0x00001f60        0x0 /usr/lib/gcc/msp430/4.5.3/mcpu-430x/mmpy-16/libcrt0.a(__low_level_init.o)
 .bss           0x00001f60        0x0 /usr/lib/gcc/msp430/4.5.3/mcpu-430x/mmpy-16/libcrt0.a(_copy_data.o)
 .bss           0x00001f60        0x0 /usr/lib/gcc/msp430/4.5.3/mcpu-430x/mmpy-16/libcrt0.a(_clear_bss.o)
 .bss           0x00001f60        0x0 /usr/lib/gcc/msp430/4.5.3/mcpu-430x/mmpy-16/libcrt0.a(__stop_progExec__.o)
 .bss           0x00001f60        0x0 /usr/lib/gcc/msp430/4.5.3/mcpu-430x/mmpy-16/libcrt0.a(_endless_loop__.o)
 .bss           0x00001f60        0x0 /usr/lib/gcc/msp430/4.5.3/mcpu-430x/mmpy-16/libcrt0.a(_unexpected_.o)
 *(SORT(.bss.*))
 *(COMMON)
 COMMON         0x00001f60       0x3c tx.co
                0x00001f60                str
 COMMON         0x00001f9c        0x2 obj_cmote/contiki-z1-main.o
                0x00001f9c                sensors_flags
 COMMON         0x00001f9e       0x93 contiki-cmote.a(cc2520.o)
                0x00001f9e                cc2520_sfd_counter
                0x00001fa0                cc2520_sfd_start_time
                0x00001fa2                cc2520_sfd_end_time
                0x00001fa4                cc2520_time_of_departure
                0x00001fa6                cc2520_packets_seen
                0x00001fa8                cc2520_packets_read
                0x00001faa                cc2520_last_rssi
                0x00001fac                cc2520_time_of_arrival
                0x00001fae                data
                0x0000202e                cc2520_authority_level_of_sender
                0x00002030                cc2520_last_correlation
 *fill*         0x00002031        0x1 00
 COMMON         0x00002032       0x56 contiki-cmote.a(energest.o)
                0x00002032                energest_total_time
                0x00002062                energest_total_count
                0x00002064                energest_current_mode
                0x00002070                energest_current_time
 COMMON         0x00002088        0x1 contiki-cmote.a(process.o)
                0x00002088                process_maxevents
 *fill*         0x00002089        0x1 00
 COMMON         0x0000208a       0x2e contiki-cmote.a(packetbuf.o)
                0x0000208a                packetbuf_addrs
                0x0000209a                packetbuf_attrs
 COMMON         0x000020b8        0x1 contiki-cmote.a(sensors.o)
                0x000020b8                sensors_event
 *fill*         0x000020b9        0x1 00
 COMMON         0x000020ba        0x8 contiki-cmote.a(linkaddr.o)
                0x000020ba                linkaddr_node_addr
 COMMON         0x000020c2        0x8 contiki-cmote.a(sicslowpan.o)
                0x000020c2                frag_sender
 COMMON         0x000020ca      0x2a0 contiki-cmote.a(uip6.o)
                0x000020ca                uip_len
                0x000020cc                uip_sappdata
                0x000020ce                uip_acc32
                0x000020d2                uip_lladdr
                0x000020da                uip_aligned_buf
                0x00002166                uip_flags
                0x00002168                uip_next_hdr
                0x0000216a                uip_udp_conn
                0x0000216c                uip_appdata
                0x0000216e                uip_conn
                0x00002170                uip_conns
                0x00002220                uip_listenports
                0x00002230                uip_slen
                0x00002232                uip_udp_conns
 COMMON         0x0000236a      0x15c contiki-cmote.a(uip-ds6.o)
                0x0000236a                uip_ds6_timer_ra
                0x00002372                uip_ds6_if
                0x0000245e                uip_ds6_netif_addr_list_offset
                0x0000245f                uip_ds6_addr_size
                0x00002460                uip_ds6_prefix_list
                0x000024ba                uip_ds6_timer_periodic
 COMMON         0x000024c6        0x1 contiki-cmote.a(tcpip.o)
                0x000024c6                tcpip_event
 *fill*         0x000024c7        0x1 00
 COMMON         0x000024c8       0xde contiki-cmote.a(rpl-dag.o)
                0x000024c8                default_instance
                0x000024ca                instance_table
                0x000025a6                PROVIDE (__bss_end, .)
                0x000025a6                _end = .
                0x000013aa                PROVIDE (__bss_size, SIZEOF (.bss))

.noinit         0x000025a6        0x0 load address 0x0000eb40
                0x000025a6                PROVIDE (__noinit_start, .)
 *(.noinit)
 *(.noinit.*)
 *(COMMON)
                0x000025a6                PROVIDE (__noinit_end, .)
                0x000025a6                _end = .

.infomem        0x00001000        0x0
 *(.infomem)
                0x00001000                . = ALIGN (0x2)
 *(.infomem.*)

.infomemnobits  0x00001000        0x0
                0x00001000                . = ALIGN (0x2)
 *(.infomemnobits)
                0x00001000                . = ALIGN (0x2)
 *(.infomemnobits.*)

.vectors        0x0000ffc0       0x40
                0x0000ffc0                PROVIDE (__vectors_start, .)
 *(.vectors*)
 .vectors       0x0000ffc0       0x40 /usr/lib/gcc/msp430/4.5.3/mcpu-430x/mmpy-16/crt0ivtbl32.o
                0x0000ffc0                __ivtbl_32
                0x00010000                _vectors_end = .

.fartext        0x00010000        0x0
                0x00010000                . = ALIGN (0x2)
 *(.fartext)
                0x00010000                . = ALIGN (0x2)
 *(.fartext.*)
                0x00010000                _efartext = .

.profiler
 *(.profiler)

.stab           0x00000000    0x26268
 *(.stab)
 .stab          0x00000000      0xa80 tx.co
 .stab          0x00000a80     0x1200 obj_cmote/contiki-z1-main.o
                               0x16c8 (size before relaxing)
 .stab          0x00001c80      0x210 contiki-cmote.a(contiki-z1-plat)
                                0x570 (size before relaxing)
 .stab          0x00001e90      0x4bc contiki-cmote.a(msp430.o)
                                0x810 (size before relaxing)
 .stab          0x0000234c      0x5b8 contiki-cmote.a(leds.o)
                                0x804 (size before relaxing)
 .stab          0x00002904      0x348 contiki-cmote.a(leds-arch.o)
                                0x69c (size before relaxing)
 .stab          0x00002c4c      0x3d8 contiki-cmote.a(watchdog.o)
                                0x72c (size before relaxing)
 .stab          0x00003024     0x2898 contiki-cmote.a(cc2520.o)
                               0x2f28 (size before relaxing)
 .stab          0x000058bc      0xd08 contiki-cmote.a(cc2520-arch.o)
                               0x177c (size before relaxing)
 .stab          0x000065c4      0x45c contiki-cmote.a(button-sensor.o)
                                0x7c8 (size before relaxing)
 .stab          0x00006a20      0x6a8 contiki-cmote.a(uart1.o)
                                0xba0 (size before relaxing)
 .stab          0x000070c8      0x27c contiki-cmote.a(uart1-putchar.o)
                                0x7bc (size before relaxing)
 .stab          0x00007344      0x87c contiki-cmote.a(clock.o)
                                0xbd0 (size before relaxing)
 .stab          0x00007bc0      0x3a8 contiki-cmote.a(rtimer-arch.o)
                                0x6fc (size before relaxing)
 .stab          0x00007f68      0x270 contiki-cmote.a(autostart.o)
                                0x510 (size before relaxing)
 .stab          0x000081d8      0x834 contiki-cmote.a(ctimer.o)
                                0xba0 (size before relaxing)
 .stab          0x00008a0c      0x420 contiki-cmote.a(energest.o)
                                0x6a8 (size before relaxing)
 .stab          0x00008e2c      0xa98 contiki-cmote.a(etimer.o)
                                0xd68 (size before relaxing)
 .stab          0x000098c4      0xb58 contiki-cmote.a(process.o)
                                0xff0 (size before relaxing)
 .stab          0x0000a41c      0x3b4 contiki-cmote.a(rtimer.o)
                                0x69c (size before relaxing)
 .stab          0x0000a7d0      0x330 contiki-cmote.a(timer.o)
                                0x570 (size before relaxing)
 .stab          0x0000ab00      0x804 contiki-cmote.a(list.o)
                                0x810 (size before relaxing)
 .stab          0x0000b304      0x3d8 contiki-cmote.a(ringbuf.o)
                                0x618 (size before relaxing)
 .stab          0x0000b6dc      0xd8c contiki-cmote.a(packetbuf.o)
                               0x1eb4 (size before relaxing)
 .stab          0x0000c468     0x1a7c contiki-cmote.a(contikimac.o)
                               0x2280 (size before relaxing)
 .stab          0x0000dee4      0x24c contiki-cmote.a(spi.o)
                                0x5a0 (size before relaxing)
 .stab          0x0000e130      0x648 contiki-cmote.a(sensors.o)
                                0xb64 (size before relaxing)
 .stab          0x0000e778      0x2a0 contiki-cmote.a(linkaddr.o)
                                0x69c (size before relaxing)
 .stab          0x0000ea18      0xa74 contiki-cmote.a(queuebuf.o)
                               0x1b84 (size before relaxing)
 .stab          0x0000f48c      0xda4 contiki-cmote.a(csma.o)
                               0x1554 (size before relaxing)
 .stab          0x00010230      0x900 contiki-cmote.a(framer-802154.o)
                                0xf24 (size before relaxing)
 .stab          0x00010b30      0x3d8 contiki-cmote.a(framer.o)
                                0xc30 (size before relaxing)
 .stab          0x00010f08      0x1d4 contiki-cmote.a(mac.o)
                                0x4c8 (size before relaxing)
 .stab          0x000110dc      0x630 contiki-cmote.a(mac-sequence.o)
                               0x1758 (size before relaxing)
 .stab          0x0001170c      0x744 contiki-cmote.a(nullsec.o)
                                0xd8c (size before relaxing)
 .stab          0x00011e50      0x588 contiki-cmote.a(memb.o)
                                0xabc (size before relaxing)
 .stab          0x000123d8      0x204 contiki-cmote.a(random.o)
                                0x600 (size before relaxing)
 .stab          0x000125dc     0x1fe0 contiki-cmote.a(sicslowpan.o)
                               0x2f28 (size before relaxing)
 .stab          0x000145bc     0x2bc8 contiki-cmote.a(uip6.o)
                               0x3780 (size before relaxing)
 .stab          0x00017184     0x13a4 contiki-cmote.a(uip-ds6.o)
                               0x1f44 (size before relaxing)
 .stab          0x00018528      0xdec contiki-cmote.a(uip-ds6-nbr.o)
                               0x1824 (size before relaxing)
 .stab          0x00019314     0x123c contiki-cmote.a(uip-ds6-route.o)
                               0x1dc4 (size before relaxing)
 .stab          0x0001a550      0xc9c contiki-cmote.a(uip-icmp6.o)
                               0x1914 (size before relaxing)
 .stab          0x0001b1ec      0xcfc contiki-cmote.a(uip-nd6.o)
                               0x18d8 (size before relaxing)
 .stab          0x0001bee8     0x14c4 contiki-cmote.a(tcpip.o)
                               0x270c (size before relaxing)
 .stab          0x0001d3ac      0x42c contiki-cmote.a(uip-debug.o)
                                0xbb8 (size before relaxing)
 .stab          0x0001d7d8      0xb58 contiki-cmote.a(rpl.o)
                               0x17ac (size before relaxing)
 .stab          0x0001e330     0x2e80 contiki-cmote.a(rpl-dag.o)
                               0x3b88 (size before relaxing)
 .stab          0x000211b0      0xa44 contiki-cmote.a(rpl-ext-header.)
                               0x1800 (size before relaxing)
 .stab          0x00021bf4     0x17ac contiki-cmote.a(rpl-icmp6.o)
                               0x25b0 (size before relaxing)
 .stab          0x000233a0      0x8b8 contiki-cmote.a(rpl-mrhof.o)
                               0x15a8 (size before relaxing)
 .stab          0x00023c58      0xc00 contiki-cmote.a(rpl-timers.o)
                               0x18f0 (size before relaxing)
 .stab          0x00024858      0xd74 contiki-cmote.a(nbr-table.o)
                               0x141c (size before relaxing)
 .stab          0x000255cc      0x900 contiki-cmote.a(frame802154.o)
                               0x10d4 (size before relaxing)
 .stab          0x00025ecc      0x39c contiki-cmote.a(stimer.o)
                                0x5dc (size before relaxing)

.stabstr        0x00000000    0x1aabd
 *(.stabstr)
 .stabstr       0x00000000    0x1aabd tx.co

.stab.excl
 *(.stab.excl)

.stab.exclstr
 *(.stab.exclstr)

.stab.index
 *(.stab.index)

.stab.indexstr
 *(.stab.indexstr)

.comment
 *(.comment)

.debug
 *(.debug)

.line
 *(.line)

.debug_srcinfo
 *(.debug_srcinfo)

.debug_sfnames
 *(.debug_sfnames)

.debug_aranges  0x00000000      0x17c
 *(.debug_aranges)
 .debug_aranges
                0x00000000       0x14 /usr/lib/gcc/msp430/4.5.3/mcpu-430x/mmpy-16/libgcc.a(_mulsi3.o)
 .debug_aranges
                0x00000014       0x14 /usr/lib/gcc/msp430/4.5.3/mcpu-430x/mmpy-16/libgcc.a(_udivmodhi4.o)
 .debug_aranges
                0x00000028       0x14 /usr/lib/gcc/msp430/4.5.3/mcpu-430x/mmpy-16/libgcc.a(_divmodhi4.o)
 .debug_aranges
                0x0000003c       0x14 /usr/lib/gcc/msp430/4.5.3/mcpu-430x/mmpy-16/libgcc.a(_udivmodsi4.o)
 .debug_aranges
                0x00000050       0x14 /usr/lib/gcc/msp430/4.5.3/../../../../msp430/lib/mcpu-430x/mmpy-16/libc.a(strncmp.o)
 .debug_aranges
                0x00000064       0x14 /usr/lib/gcc/msp430/4.5.3/../../../../msp430/lib/mcpu-430x/mmpy-16/libc.a(memcmp.o)
 .debug_aranges
                0x00000078       0x14 /usr/lib/gcc/msp430/4.5.3/../../../../msp430/lib/mcpu-430x/mmpy-16/libc.a(memcpy.o)
 .debug_aranges
                0x0000008c       0x14 /usr/lib/gcc/msp430/4.5.3/../../../../msp430/lib/mcpu-430x/mmpy-16/libc.a(memmove.o)
 .debug_aranges
                0x000000a0       0x14 /usr/lib/gcc/msp430/4.5.3/../../../../msp430/lib/mcpu-430x/mmpy-16/libc.a(memset.o)
 .debug_aranges
                0x000000b4       0x14 /usr/lib/gcc/msp430/4.5.3/../../../../msp430/lib/mcpu-430x/mmpy-16/libc.a(printf.o)
 .debug_aranges
                0x000000c8       0x14 /usr/lib/gcc/msp430/4.5.3/../../../../msp430/lib/mcpu-430x/mmpy-16/libc.a(vuprintf.o)
 .debug_aranges
                0x000000dc       0x14 /usr/lib/gcc/msp430/4.5.3/../../../../msp430/lib/mcpu-430x/mmpy-16/libc.a(puts.o)
 .debug_aranges
                0x000000f0       0x14 /usr/lib/gcc/msp430/4.5.3/../../../../msp430/lib/mcpu-430x/mmpy-16/libc.a(rand.o)
 .debug_aranges
                0x00000104       0x14 /usr/lib/gcc/msp430/4.5.3/mcpu-430x/mmpy-16/libcrt0.a(__init_stack.o)
 .debug_aranges
                0x00000118       0x14 /usr/lib/gcc/msp430/4.5.3/mcpu-430x/mmpy-16/libcrt0.a(__low_level_init.o)
 .debug_aranges
                0x0000012c       0x14 /usr/lib/gcc/msp430/4.5.3/mcpu-430x/mmpy-16/libcrt0.a(_copy_data.o)
 .debug_aranges
                0x00000140       0x14 /usr/lib/gcc/msp430/4.5.3/mcpu-430x/mmpy-16/libcrt0.a(_clear_bss.o)
 .debug_aranges
                0x00000154       0x14 /usr/lib/gcc/msp430/4.5.3/mcpu-430x/mmpy-16/libcrt0.a(_endless_loop__.o)
 .debug_aranges
                0x00000168       0x14 /usr/lib/gcc/msp430/4.5.3/mcpu-430x/mmpy-16/libcrt0.a(_unexpected_.o)

.debug_pubnames
                0x00000000      0x126
 *(.debug_pubnames)
 .debug_pubnames
                0x00000000       0x1e /usr/lib/gcc/msp430/4.5.3/../../../../msp430/lib/mcpu-430x/mmpy-16/libc.a(strncmp.o)
 .debug_pubnames
                0x0000001e       0x1d /usr/lib/gcc/msp430/4.5.3/../../../../msp430/lib/mcpu-430x/mmpy-16/libc.a(memcmp.o)
 .debug_pubnames
                0x0000003b       0x1d /usr/lib/gcc/msp430/4.5.3/../../../../msp430/lib/mcpu-430x/mmpy-16/libc.a(memcpy.o)
 .debug_pubnames
                0x00000058       0x1e /usr/lib/gcc/msp430/4.5.3/../../../../msp430/lib/mcpu-430x/mmpy-16/libc.a(memmove.o)
 .debug_pubnames
                0x00000076       0x1d /usr/lib/gcc/msp430/4.5.3/../../../../msp430/lib/mcpu-430x/mmpy-16/libc.a(memset.o)
 .debug_pubnames
                0x00000093       0x29 /usr/lib/gcc/msp430/4.5.3/../../../../msp430/lib/mcpu-430x/mmpy-16/libc.a(printf.o)
 .debug_pubnames
                0x000000bc       0x1f /usr/lib/gcc/msp430/4.5.3/../../../../msp430/lib/mcpu-430x/mmpy-16/libc.a(vuprintf.o)
 .debug_pubnames
                0x000000db       0x1b /usr/lib/gcc/msp430/4.5.3/../../../../msp430/lib/mcpu-430x/mmpy-16/libc.a(puts.o)
 .debug_pubnames
                0x000000f6       0x30 /usr/lib/gcc/msp430/4.5.3/../../../../msp430/lib/mcpu-430x/mmpy-16/libc.a(rand.o)

.debug_info     0x00000000     0x1322
 *(.debug_info)
 .debug_info    0x00000000       0xe1 /usr/lib/gcc/msp430/4.5.3/mcpu-430x/mmpy-16/libgcc.a(_mulsi3.o)
 .debug_info    0x000000e1       0xe1 /usr/lib/gcc/msp430/4.5.3/mcpu-430x/mmpy-16/libgcc.a(_udivmodhi4.o)
 .debug_info    0x000001c2       0xe1 /usr/lib/gcc/msp430/4.5.3/mcpu-430x/mmpy-16/libgcc.a(_divmodhi4.o)
 .debug_info    0x000002a3       0xe1 /usr/lib/gcc/msp430/4.5.3/mcpu-430x/mmpy-16/libgcc.a(_udivmodsi4.o)
 .debug_info    0x00000384       0xbd /usr/lib/gcc/msp430/4.5.3/../../../../msp430/lib/mcpu-430x/mmpy-16/libc.a(strncmp.o)
 .debug_info    0x00000441       0xe2 /usr/lib/gcc/msp430/4.5.3/../../../../msp430/lib/mcpu-430x/mmpy-16/libc.a(memcmp.o)
 .debug_info    0x00000523      0x113 /usr/lib/gcc/msp430/4.5.3/../../../../msp430/lib/mcpu-430x/mmpy-16/libc.a(memcpy.o)
 .debug_info    0x00000636      0x113 /usr/lib/gcc/msp430/4.5.3/../../../../msp430/lib/mcpu-430x/mmpy-16/libc.a(memmove.o)
 .debug_info    0x00000749       0xfe /usr/lib/gcc/msp430/4.5.3/../../../../msp430/lib/mcpu-430x/mmpy-16/libc.a(memset.o)
 .debug_info    0x00000847      0x103 /usr/lib/gcc/msp430/4.5.3/../../../../msp430/lib/mcpu-430x/mmpy-16/libc.a(printf.o)
 .debug_info    0x0000094a      0x3b5 /usr/lib/gcc/msp430/4.5.3/../../../../msp430/lib/mcpu-430x/mmpy-16/libc.a(vuprintf.o)
 .debug_info    0x00000cff       0x96 /usr/lib/gcc/msp430/4.5.3/../../../../msp430/lib/mcpu-430x/mmpy-16/libc.a(puts.o)
 .debug_info    0x00000d95      0x137 /usr/lib/gcc/msp430/4.5.3/../../../../msp430/lib/mcpu-430x/mmpy-16/libc.a(rand.o)
 .debug_info    0x00000ecc       0xb9 /usr/lib/gcc/msp430/4.5.3/mcpu-430x/mmpy-16/libcrt0.a(__init_stack.o)
 .debug_info    0x00000f85       0xb9 /usr/lib/gcc/msp430/4.5.3/mcpu-430x/mmpy-16/libcrt0.a(__low_level_init.o)
 .debug_info    0x0000103e       0xb9 /usr/lib/gcc/msp430/4.5.3/mcpu-430x/mmpy-16/libcrt0.a(_copy_data.o)
 .debug_info    0x000010f7       0xb9 /usr/lib/gcc/msp430/4.5.3/mcpu-430x/mmpy-16/libcrt0.a(_clear_bss.o)
 .debug_info    0x000011b0       0xb9 /usr/lib/gcc/msp430/4.5.3/mcpu-430x/mmpy-16/libcrt0.a(_endless_loop__.o)
 .debug_info    0x00001269       0xb9 /usr/lib/gcc/msp430/4.5.3/mcpu-430x/mmpy-16/libcrt0.a(_unexpected_.o)
 *(.gnu.linkonce.wi.*)

.debug_abbrev   0x00000000      0x74f
 *(.debug_abbrev)
 .debug_abbrev  0x00000000       0x14 /usr/lib/gcc/msp430/4.5.3/mcpu-430x/mmpy-16/libgcc.a(_mulsi3.o)
 .debug_abbrev  0x00000014       0x14 /usr/lib/gcc/msp430/4.5.3/mcpu-430x/mmpy-16/libgcc.a(_udivmodhi4.o)
 .debug_abbrev  0x00000028       0x14 /usr/lib/gcc/msp430/4.5.3/mcpu-430x/mmpy-16/libgcc.a(_divmodhi4.o)
 .debug_abbrev  0x0000003c       0x14 /usr/lib/gcc/msp430/4.5.3/mcpu-430x/mmpy-16/libgcc.a(_udivmodsi4.o)
 .debug_abbrev  0x00000050       0x6d /usr/lib/gcc/msp430/4.5.3/../../../../msp430/lib/mcpu-430x/mmpy-16/libc.a(strncmp.o)
 .debug_abbrev  0x000000bd       0x8a /usr/lib/gcc/msp430/4.5.3/../../../../msp430/lib/mcpu-430x/mmpy-16/libc.a(memcmp.o)
 .debug_abbrev  0x00000147       0x97 /usr/lib/gcc/msp430/4.5.3/../../../../msp430/lib/mcpu-430x/mmpy-16/libc.a(memcpy.o)
 .debug_abbrev  0x000001de       0x97 /usr/lib/gcc/msp430/4.5.3/../../../../msp430/lib/mcpu-430x/mmpy-16/libc.a(memmove.o)
 .debug_abbrev  0x00000275       0x8d /usr/lib/gcc/msp430/4.5.3/../../../../msp430/lib/mcpu-430x/mmpy-16/libc.a(memset.o)
 .debug_abbrev  0x00000302       0xce /usr/lib/gcc/msp430/4.5.3/../../../../msp430/lib/mcpu-430x/mmpy-16/libc.a(printf.o)
 .debug_abbrev  0x000003d0      0x1cb /usr/lib/gcc/msp430/4.5.3/../../../../msp430/lib/mcpu-430x/mmpy-16/libc.a(vuprintf.o)
 .debug_abbrev  0x0000059b       0x60 /usr/lib/gcc/msp430/4.5.3/../../../../msp430/lib/mcpu-430x/mmpy-16/libc.a(puts.o)
 .debug_abbrev  0x000005fb       0xdc /usr/lib/gcc/msp430/4.5.3/../../../../msp430/lib/mcpu-430x/mmpy-16/libc.a(rand.o)
 .debug_abbrev  0x000006d7       0x14 /usr/lib/gcc/msp430/4.5.3/mcpu-430x/mmpy-16/libcrt0.a(__init_stack.o)
 .debug_abbrev  0x000006eb       0x14 /usr/lib/gcc/msp430/4.5.3/mcpu-430x/mmpy-16/libcrt0.a(__low_level_init.o)
 .debug_abbrev  0x000006ff       0x14 /usr/lib/gcc/msp430/4.5.3/mcpu-430x/mmpy-16/libcrt0.a(_copy_data.o)
 .debug_abbrev  0x00000713       0x14 /usr/lib/gcc/msp430/4.5.3/mcpu-430x/mmpy-16/libcrt0.a(_clear_bss.o)
 .debug_abbrev  0x00000727       0x14 /usr/lib/gcc/msp430/4.5.3/mcpu-430x/mmpy-16/libcrt0.a(_endless_loop__.o)
 .debug_abbrev  0x0000073b       0x14 /usr/lib/gcc/msp430/4.5.3/mcpu-430x/mmpy-16/libcrt0.a(_unexpected_.o)

.debug_line     0x00000000      0xbd6
 *(.debug_line)
 .debug_line    0x00000000       0x9d /usr/lib/gcc/msp430/4.5.3/mcpu-430x/mmpy-16/libgcc.a(_mulsi3.o)
 .debug_line    0x0000009d       0x9a /usr/lib/gcc/msp430/4.5.3/mcpu-430x/mmpy-16/libgcc.a(_udivmodhi4.o)
 .debug_line    0x00000137       0xa5 /usr/lib/gcc/msp430/4.5.3/mcpu-430x/mmpy-16/libgcc.a(_divmodhi4.o)
 .debug_line    0x000001dc       0xa1 /usr/lib/gcc/msp430/4.5.3/mcpu-430x/mmpy-16/libgcc.a(_udivmodsi4.o)
 .debug_line    0x0000027d       0x76 /usr/lib/gcc/msp430/4.5.3/../../../../msp430/lib/mcpu-430x/mmpy-16/libc.a(strncmp.o)
 .debug_line    0x000002f3       0x7c /usr/lib/gcc/msp430/4.5.3/../../../../msp430/lib/mcpu-430x/mmpy-16/libc.a(memcmp.o)
 .debug_line    0x0000036f       0xf3 /usr/lib/gcc/msp430/4.5.3/../../../../msp430/lib/mcpu-430x/mmpy-16/libc.a(memcpy.o)
 .debug_line    0x00000462       0xf3 /usr/lib/gcc/msp430/4.5.3/../../../../msp430/lib/mcpu-430x/mmpy-16/libc.a(memmove.o)
 .debug_line    0x00000555       0xbd /usr/lib/gcc/msp430/4.5.3/../../../../msp430/lib/mcpu-430x/mmpy-16/libc.a(memset.o)
 .debug_line    0x00000612       0x72 /usr/lib/gcc/msp430/4.5.3/../../../../msp430/lib/mcpu-430x/mmpy-16/libc.a(printf.o)
 .debug_line    0x00000684      0x198 /usr/lib/gcc/msp430/4.5.3/../../../../msp430/lib/mcpu-430x/mmpy-16/libc.a(vuprintf.o)
 .debug_line    0x0000081c       0x4d /usr/lib/gcc/msp430/4.5.3/../../../../msp430/lib/mcpu-430x/mmpy-16/libc.a(puts.o)
 .debug_line    0x00000869       0x52 /usr/lib/gcc/msp430/4.5.3/../../../../msp430/lib/mcpu-430x/mmpy-16/libc.a(rand.o)
 .debug_line    0x000008bb       0x82 /usr/lib/gcc/msp430/4.5.3/mcpu-430x/mmpy-16/libcrt0.a(__init_stack.o)
 .debug_line    0x0000093d       0x84 /usr/lib/gcc/msp430/4.5.3/mcpu-430x/mmpy-16/libcrt0.a(__low_level_init.o)
 .debug_line    0x000009c1       0x88 /usr/lib/gcc/msp430/4.5.3/mcpu-430x/mmpy-16/libcrt0.a(_copy_data.o)
 .debug_line    0x00000a49       0x88 /usr/lib/gcc/msp430/4.5.3/mcpu-430x/mmpy-16/libcrt0.a(_clear_bss.o)
 .debug_line    0x00000ad1       0x83 /usr/lib/gcc/msp430/4.5.3/mcpu-430x/mmpy-16/libcrt0.a(_endless_loop__.o)
 .debug_line    0x00000b54       0x82 /usr/lib/gcc/msp430/4.5.3/mcpu-430x/mmpy-16/libcrt0.a(_unexpected_.o)

.debug_frame    0x00000000      0x202
 *(.debug_frame)
 .debug_frame   0x00000000       0x24 /usr/lib/gcc/msp430/4.5.3/../../../../msp430/lib/mcpu-430x/mmpy-16/libc.a(strncmp.o)
 .debug_frame   0x00000024       0x28 /usr/lib/gcc/msp430/4.5.3/../../../../msp430/lib/mcpu-430x/mmpy-16/libc.a(memcmp.o)
 .debug_frame   0x0000004c       0x32 /usr/lib/gcc/msp430/4.5.3/../../../../msp430/lib/mcpu-430x/mmpy-16/libc.a(memcpy.o)
 .debug_frame   0x0000007e       0x32 /usr/lib/gcc/msp430/4.5.3/../../../../msp430/lib/mcpu-430x/mmpy-16/libc.a(memmove.o)
 .debug_frame   0x000000b0       0x32 /usr/lib/gcc/msp430/4.5.3/../../../../msp430/lib/mcpu-430x/mmpy-16/libc.a(memset.o)
 .debug_frame   0x000000e2       0x2a /usr/lib/gcc/msp430/4.5.3/../../../../msp430/lib/mcpu-430x/mmpy-16/libc.a(printf.o)
 .debug_frame   0x0000010c       0x82 /usr/lib/gcc/msp430/4.5.3/../../../../msp430/lib/mcpu-430x/mmpy-16/libc.a(vuprintf.o)
 .debug_frame   0x0000018e       0x24 /usr/lib/gcc/msp430/4.5.3/../../../../msp430/lib/mcpu-430x/mmpy-16/libc.a(puts.o)
 .debug_frame   0x000001b2       0x50 /usr/lib/gcc/msp430/4.5.3/../../../../msp430/lib/mcpu-430x/mmpy-16/libc.a(rand.o)

.debug_str      0x00000000      0x317
 *(.debug_str)
 .debug_str     0x00000000       0x9b /usr/lib/gcc/msp430/4.5.3/../../../../msp430/lib/mcpu-430x/mmpy-16/libc.a(strncmp.o)
                                 0xd4 (size before relaxing)
 .debug_str     0x0000009b       0x19 /usr/lib/gcc/msp430/4.5.3/../../../../msp430/lib/mcpu-430x/mmpy-16/libc.a(memcmp.o)
                                 0xd2 (size before relaxing)
 .debug_str     0x000000b4       0x34 /usr/lib/gcc/msp430/4.5.3/../../../../msp430/lib/mcpu-430x/mmpy-16/libc.a(memcpy.o)
                                 0xed (size before relaxing)
 .debug_str     0x000000e8       0x1b /usr/lib/gcc/msp430/4.5.3/../../../../msp430/lib/mcpu-430x/mmpy-16/libc.a(memmove.o)
                                 0xef (size before relaxing)
 .debug_str     0x00000103       0x26 /usr/lib/gcc/msp430/4.5.3/../../../../msp430/lib/mcpu-430x/mmpy-16/libc.a(memset.o)
                                 0xeb (size before relaxing)
 .debug_str     0x00000129       0x40 /usr/lib/gcc/msp430/4.5.3/../../../../msp430/lib/mcpu-430x/mmpy-16/libc.a(printf.o)
                                0x101 (size before relaxing)
 .debug_str     0x00000169      0x16a /usr/lib/gcc/msp430/4.5.3/../../../../msp430/lib/mcpu-430x/mmpy-16/libc.a(vuprintf.o)
                                0x25d (size before relaxing)
 .debug_str     0x000002d3       0x15 /usr/lib/gcc/msp430/4.5.3/../../../../msp430/lib/mcpu-430x/mmpy-16/libc.a(puts.o)
                                 0xc7 (size before relaxing)
 .debug_str     0x000002e8       0x2f /usr/lib/gcc/msp430/4.5.3/../../../../msp430/lib/mcpu-430x/mmpy-16/libc.a(rand.o)
                                 0xe6 (size before relaxing)

.debug_loc      0x00000000      0xa92
 *(.debug_loc)
 .debug_loc     0x00000000       0x63 /usr/lib/gcc/msp430/4.5.3/../../../../msp430/lib/mcpu-430x/mmpy-16/libc.a(strncmp.o)
 .debug_loc     0x00000063       0x59 /usr/lib/gcc/msp430/4.5.3/../../../../msp430/lib/mcpu-430x/mmpy-16/libc.a(memcmp.o)
 .debug_loc     0x000000bc      0x1d6 /usr/lib/gcc/msp430/4.5.3/../../../../msp430/lib/mcpu-430x/mmpy-16/libc.a(memcpy.o)
 .debug_loc     0x00000292      0x1d6 /usr/lib/gcc/msp430/4.5.3/../../../../msp430/lib/mcpu-430x/mmpy-16/libc.a(memmove.o)
 .debug_loc     0x00000468       0xeb /usr/lib/gcc/msp430/4.5.3/../../../../msp430/lib/mcpu-430x/mmpy-16/libc.a(memset.o)
 .debug_loc     0x00000553       0x24 /usr/lib/gcc/msp430/4.5.3/../../../../msp430/lib/mcpu-430x/mmpy-16/libc.a(printf.o)
 .debug_loc     0x00000577      0x49c /usr/lib/gcc/msp430/4.5.3/../../../../msp430/lib/mcpu-430x/mmpy-16/libc.a(vuprintf.o)
 .debug_loc     0x00000a13       0x2d /usr/lib/gcc/msp430/4.5.3/../../../../msp430/lib/mcpu-430x/mmpy-16/libc.a(puts.o)
 .debug_loc     0x00000a40       0x52 /usr/lib/gcc/msp430/4.5.3/../../../../msp430/lib/mcpu-430x/mmpy-16/libc.a(rand.o)

.debug_macinfo
 *(.debug_macinfo)

.debug_pubtypes
                0x00000000      0x163
 *(.debug_pubtypes)
 .debug_pubtypes
                0x00000000       0x1d /usr/lib/gcc/msp430/4.5.3/../../../../msp430/lib/mcpu-430x/mmpy-16/libc.a(strncmp.o)
 .debug_pubtypes
                0x0000001d       0x1d /usr/lib/gcc/msp430/4.5.3/../../../../msp430/lib/mcpu-430x/mmpy-16/libc.a(memcmp.o)
 .debug_pubtypes
                0x0000003a       0x26 /usr/lib/gcc/msp430/4.5.3/../../../../msp430/lib/mcpu-430x/mmpy-16/libc.a(memcpy.o)
 .debug_pubtypes
                0x00000060       0x26 /usr/lib/gcc/msp430/4.5.3/../../../../msp430/lib/mcpu-430x/mmpy-16/libc.a(memmove.o)
 .debug_pubtypes
                0x00000086       0x32 /usr/lib/gcc/msp430/4.5.3/../../../../msp430/lib/mcpu-430x/mmpy-16/libc.a(memset.o)
 .debug_pubtypes
                0x000000b8       0x31 /usr/lib/gcc/msp430/4.5.3/../../../../msp430/lib/mcpu-430x/mmpy-16/libc.a(printf.o)
 .debug_pubtypes
                0x000000e9       0x56 /usr/lib/gcc/msp430/4.5.3/../../../../msp430/lib/mcpu-430x/mmpy-16/libc.a(vuprintf.o)
 .debug_pubtypes
                0x0000013f       0x12 /usr/lib/gcc/msp430/4.5.3/../../../../msp430/lib/mcpu-430x/mmpy-16/libc.a(puts.o)
 .debug_pubtypes
                0x00000151       0x12 /usr/lib/gcc/msp430/4.5.3/../../../../msp430/lib/mcpu-430x/mmpy-16/libc.a(rand.o)

.debug_ranges   0x00000000        0xc
 *(.debug_ranges)
 .debug_ranges  0x00000000        0xc /usr/lib/gcc/msp430/4.5.3/../../../../msp430/lib/mcpu-430x/mmpy-16/libc.a(vuprintf.o)
                0x00003100                PROVIDE (__stack, (ORIGIN (ram) + 0x2000))
                0x0000ea44                PROVIDE (__data_start_rom, _etext)
                0x0000eb40                PROVIDE (__data_end_rom, (_etext + SIZEOF (.data)))
OUTPUT(tx.cmote elf32-msp430)
